Archive member included because of file (symbol)

C:\Users\ryuya\AppData\Local\arduino15\packages\arduino\hardware\sam\1.6.9\variants\arduino_due_x/libsam_sam3x8e_gcc_rel.a(pio.o)
                              C:\Users\ryuya\AppData\Local\Temp\VMicroBuilds\ModuleTest\arduino_due_x_dbg\variant\variant.cpp.o (PIO_Configure)
C:\Users\ryuya\AppData\Local\arduino15\packages\arduino\hardware\sam\1.6.9\variants\arduino_due_x/libsam_sam3x8e_gcc_rel.a(pmc.o)
                              C:\Users\ryuya\AppData\Local\Temp\VMicroBuilds\ModuleTest\arduino_due_x_dbg\variant\variant.cpp.o (pmc_enable_periph_clk)
C:\Users\ryuya\AppData\Local\arduino15\packages\arduino\hardware\sam\1.6.9\variants\arduino_due_x/libsam_sam3x8e_gcc_rel.a(system_sam3xa.o)
                              C:\Users\ryuya\AppData\Local\Temp\VMicroBuilds\ModuleTest\arduino_due_x_dbg\variant\variant.cpp.o (SystemInit)
C:\Users\ryuya\AppData\Local\arduino15\packages\arduino\hardware\sam\1.6.9\variants\arduino_due_x/libsam_sam3x8e_gcc_rel.a(startup_sam3xa.o)
                              (Reset_Handler)
C:\Users\ryuya\AppData\Local\arduino15\packages\arduino\hardware\sam\1.6.9\variants\arduino_due_x/libsam_sam3x8e_gcc_rel.a(adc.o)
                              C:\Users\ryuya\AppData\Local\Temp\VMicroBuilds\ModuleTest\arduino_due_x_dbg\variant\variant.cpp.o (adc_init)
C:\Users\ryuya\AppData\Local\arduino15\packages\arduino\hardware\sam\1.6.9\variants\arduino_due_x/libsam_sam3x8e_gcc_rel.a(uotghs.o)
                              C:\Users\ryuya\AppData\Local\arduino15\packages\arduino\hardware\sam\1.6.9\variants\arduino_due_x/libsam_sam3x8e_gcc_rel.a(startup_sam3xa.o) (UOTGHS_Handler)
C:\Users\ryuya\AppData\Local\Temp\VMicroBuilds\ModuleTest\arduino_due_x_dbg/core.a(cortex_handlers.c.o)
                              C:\Users\ryuya\AppData\Local\arduino15\packages\arduino\hardware\sam\1.6.9\variants\arduino_due_x/libsam_sam3x8e_gcc_rel.a(startup_sam3xa.o) (NMI_Handler)
C:\Users\ryuya\AppData\Local\Temp\VMicroBuilds\ModuleTest\arduino_due_x_dbg/core.a(hooks.c.o)
                              C:\Users\ryuya\AppData\Local\Temp\VMicroBuilds\ModuleTest\arduino_due_x_dbg/core.a(cortex_handlers.c.o) (sysTickHook)
C:\Users\ryuya\AppData\Local\Temp\VMicroBuilds\ModuleTest\arduino_due_x_dbg/core.a(syscalls_sam3.c.o)
                              (_sbrk)
C:\Users\ryuya\AppData\Local\Temp\VMicroBuilds\ModuleTest\arduino_due_x_dbg/core.a(wiring.c.o)
                              C:\Users\ryuya\AppData\Local\Temp\VMicroBuilds\ModuleTest\arduino_due_x_dbg\ModuleTest.cpp.o (delay)
C:\Users\ryuya\AppData\Local\Temp\VMicroBuilds\ModuleTest\arduino_due_x_dbg/core.a(wiring_analog.c.o)
                              C:\Users\ryuya\AppData\Local\Temp\VMicroBuilds\ModuleTest\arduino_due_x_dbg\variant\variant.cpp.o (analogOutputInit)
C:\Users\ryuya\AppData\Local\Temp\VMicroBuilds\ModuleTest\arduino_due_x_dbg/core.a(wiring_digital.c.o)
                              C:\Users\ryuya\AppData\Local\Temp\VMicroBuilds\ModuleTest\arduino_due_x_dbg\ModuleTest.cpp.o (pinMode)
C:\Users\ryuya\AppData\Local\Temp\VMicroBuilds\ModuleTest\arduino_due_x_dbg/core.a(abi.cpp.o)
                              C:\Users\ryuya\AppData\Local\Temp\VMicroBuilds\ModuleTest\arduino_due_x_dbg\TestPrograms.cpp.o (__cxa_pure_virtual)
C:\Users\ryuya\AppData\Local\Temp\VMicroBuilds\ModuleTest\arduino_due_x_dbg/core.a(main.cpp.o)
                              c:/users/ryuya/appdata/local/arduino15/packages/arduino/tools/arm-none-eabi-gcc/4.8.3-2014q1/bin/../lib/gcc/arm-none-eabi/4.8.3/../../../../arm-none-eabi/lib/armv7-m/crt0.o (main)
C:\Users\ryuya\AppData\Local\Temp\VMicroBuilds\ModuleTest\arduino_due_x_dbg/core.a(new.cpp.o)
                              C:\Users\ryuya\AppData\Local\Temp\VMicroBuilds\ModuleTest\arduino_due_x_dbg\TestPrograms.cpp.o (operator new(unsigned int))
C:\Users\ryuya\AppData\Local\Temp\VMicroBuilds\ModuleTest\arduino_due_x_dbg/core.a(Print.cpp.o)
                              C:\Users\ryuya\AppData\Local\Temp\VMicroBuilds\ModuleTest\arduino_due_x_dbg\SerialFunction.cpp.o (Print::println(char const*))
C:\Users\ryuya\AppData\Local\Temp\VMicroBuilds\ModuleTest\arduino_due_x_dbg/core.a(Reset.cpp.o)
                              C:\Users\ryuya\AppData\Local\Temp\VMicroBuilds\ModuleTest\arduino_due_x_dbg/core.a(cortex_handlers.c.o) (tickReset)
C:\Users\ryuya\AppData\Local\Temp\VMicroBuilds\ModuleTest\arduino_due_x_dbg/core.a(RingBuffer.cpp.o)
                              C:\Users\ryuya\AppData\Local\Temp\VMicroBuilds\ModuleTest\arduino_due_x_dbg\variant\variant.cpp.o (RingBuffer::RingBuffer())
C:\Users\ryuya\AppData\Local\Temp\VMicroBuilds\ModuleTest\arduino_due_x_dbg/core.a(UARTClass.cpp.o)
                              C:\Users\ryuya\AppData\Local\Temp\VMicroBuilds\ModuleTest\arduino_due_x_dbg\variant\variant.cpp.o (UARTClass::available())
C:\Users\ryuya\AppData\Local\Temp\VMicroBuilds\ModuleTest\arduino_due_x_dbg/core.a(USARTClass.cpp.o)
[...]
Memory Configuration

Name             Origin             Length             Attributes
rom              0x00080000         0x00080000         xr
sram0            0x20000000         0x00010000         xrw
sram1            0x20080000         0x00008000         xrw
ram              0x20070000         0x00018000         xrw
*default*        0x00000000         0xffffffff

Linker script and memory map

LOAD c:/users/ryuya/appdata/local/arduino15/packages/arduino/tools/arm-none-eabi-gcc/4.8.3-2014q1/bin/../lib/gcc/arm-none-eabi/4.8.3/armv7-m/crti.o
LOAD c:/users/ryuya/appdata/local/arduino15/packages/arduino/tools/arm-none-eabi-gcc/4.8.3-2014q1/bin/../lib/gcc/arm-none-eabi/4.8.3/armv7-m/crtbegin.o
LOAD c:/users/ryuya/appdata/local/arduino15/packages/arduino/tools/arm-none-eabi-gcc/4.8.3-2014q1/bin/../lib/gcc/arm-none-eabi/4.8.3/../../../../arm-none-eabi/lib/armv7-m/crt0.o
START GROUP
LOAD C:\Users\ryuya\AppData\Local\Temp\VMicroBuilds\ModuleTest\arduino_due_x_dbg\ModuleTest.cpp.o
LOAD C:\Users\ryuya\AppData\Local\Temp\VMicroBuilds\ModuleTest\arduino_due_x_dbg\PinAssignment.cpp.o
LOAD C:\Users\ryuya\AppData\Local\Temp\VMicroBuilds\ModuleTest\arduino_due_x_dbg\SerialFunction.cpp.o
LOAD C:\Users\ryuya\AppData\Local\Temp\VMicroBuilds\ModuleTest\arduino_due_x_dbg\TestPrograms.cpp.o
LOAD C:\Users\ryuya\AppData\Local\Temp\VMicroBuilds\ModuleTest\arduino_due_x_dbg\variant\variant.cpp.o
LOAD C:\Users\ryuya\AppData\Local\arduino15\packages\arduino\hardware\sam\1.6.9\variants\arduino_due_x/libsam_sam3x8e_gcc_rel.a
LOAD C:\Users\ryuya\AppData\Local\Temp\VMicroBuilds\ModuleTest\arduino_due_x_dbg/core.a
END GROUP
LOAD c:/users/ryuya/appdata/local/arduino15/packages/arduino/tools/arm-none-eabi-gcc/4.8.3-2014q1/bin/../lib/gcc/arm-none-eabi/4.8.3/../../../../arm-none-eabi/lib/armv7-m\libm.a
START GROUP
LOAD c:/users/ryuya/appdata/local/arduino15/packages/arduino/tools/arm-none-eabi-gcc/4.8.3-2014q1/bin/../lib/gcc/arm-none-eabi/4.8.3/armv7-m\libgcc.a
LOAD c:/users/ryuya/appdata/local/arduino15/packages/arduino/tools/arm-none-eabi-gcc/4.8.3-2014q1/bin/../lib/gcc/arm-none-eabi/4.8.3/../../../../arm-none-eabi/lib/armv7-m\libg.a
LOAD c:/users/ryuya/appdata/local/arduino15/packages/arduino/tools/arm-none-eabi-gcc/4.8.3-2014q1/bin/../lib/gcc/arm-none-eabi/4.8.3/../../../../arm-none-eabi/lib/armv7-m\libc.a
END GROUP
LOAD c:/users/ryuya/appdata/local/arduino15/packages/arduino/tools/arm-none-eabi-gcc/4.8.3-2014q1/bin/../lib/gcc/arm-none-eabi/4.8.3/armv7-m/crtend.o
LOAD c:/users/ryuya/appdata/local/arduino15/packages/arduino/tools/arm-none-eabi-gcc/4.8.3-2014q1/bin/../lib/gcc/arm-none-eabi/4.8.3/armv7-m/crtn.o

.text           0x00080000     0x58a0
                0x00080000                . = ALIGN (0x4)
                0x00080000                _sfixed = .
 *(.vectors .vectors.*)
 .vectors       0x00080000       0xf4 C:\Users\ryuya\AppData\Local\arduino15\packages\arduino\hardware\sam\1.6.9\variants\arduino_due_x/libsam_sam3x8e_gcc_rel.a(startup_sam3xa.o)
                0x00080000                exception_table
 *(.text .text.* .gnu.linkonce.t.*)
 .text          0x000800f4       0x54 c:/users/ryuya/appdata/local/arduino15/packages/arduino/tools/arm-none-eabi-gcc/4.8.3-2014q1/bin/../lib/gcc/arm-none-eabi/4.8.3/armv7-m/crtbegin.o
 .text._Z8flashLEDii
                0x00080148       0x24 C:\Users\ryuya\AppData\Local\Temp\VMicroBuilds\ModuleTest\arduino_due_x_dbg\ModuleTest.cpp.o
                0x00080148                flashLED(int, int)
 .text.setup    0x0008016c       0x38 C:\Users\ryuya\AppData\Local\Temp\VMicroBuilds\ModuleTest\arduino_due_x_dbg\ModuleTest.cpp.o
                0x0008016c                setup
 .text.loop     0x000801a4       0x24 C:\Users\ryuya\AppData\Local\Temp\VMicroBuilds\ModuleTest\arduino_due_x_dbg\ModuleTest.cpp.o
                0x000801a4                loop
 .text._Z15initPinAssimentPKih
                0x000801c8        0x6 C:\Users\ryuya\AppData\Local\Temp\VMicroBuilds\ModuleTest\arduino_due_x_dbg\PinAssignment.cpp.o
                0x000801c8                initPinAssiment(int const*, unsigned char)
 *fill*         0x000801ce        0x2 
 .text._Z4menuv
                0x000801d0       0x6c C:\Users\ryuya\AppData\Local\Temp\VMicroBuilds\ModuleTest\arduino_due_x_dbg\SerialFunction.cpp.o
                0x000801d0                menu()
 .text._ZN5Motor7processEv
                0x0008023c        0x2 C:\Users\ryuya\AppData\Local\Temp\VMicroBuilds\ModuleTest\arduino_due_x_dbg\TestPrograms.cpp.o
                0x0008023c                Motor::process()
 .text._ZN3Uss7processEv
                0x0008023e        0x2 C:\Users\ryuya\AppData\Local\Temp\VMicroBuilds\ModuleTest\arduino_due_x_dbg\TestPrograms.cpp.o
                0x0008023e                Uss::process()
 .text._ZN2Ir7processEv
                0x00080240        0x2 C:\Users\ryuya\AppData\Local\Temp\VMicroBuilds\ModuleTest\arduino_due_x_dbg\TestPrograms.cpp.o
                0x00080240                Ir::process()
 .text._ZN7Encoder7processEv
                0x00080242        0x2 C:\Users\ryuya\AppData\Local\Temp\VMicroBuilds\ModuleTest\arduino_due_x_dbg\TestPrograms.cpp.o
                0x00080242                Encoder::process()
 .text._ZN3Mp37processEv
                0x00080244        0x2 C:\Users\ryuya\AppData\Local\Temp\VMicroBuilds\ModuleTest\arduino_due_x_dbg\TestPrograms.cpp.o
                0x00080244                Mp3::process()
 *fill*         0x00080246        0x2 
 .text._ZN7Program9ProcessorEv
                0x00080248       0x18 C:\Users\ryuya\AppData\Local\Temp\VMicroBuilds\ModuleTest\arduino_due_x_dbg\TestPrograms.cpp.o
                0x00080248                Program::Processor()
 .text._Z8selectorv
                0x00080260       0x54 C:\Users\ryuya\AppData\Local\Temp\VMicroBuilds\ModuleTest\arduino_due_x_dbg\TestPrograms.cpp.o
                0x00080260                selector()
 .text.startup._GLOBAL__sub_I_command
                0x000802b4       0x74 C:\Users\ryuya\AppData\Local\Temp\VMicroBuilds\ModuleTest\arduino_due_x_dbg\TestPrograms.cpp.o
 .text._Z11serialEventv
                0x00080328        0x2 C:\Users\ryuya\AppData\Local\Temp\VMicroBuilds\ModuleTest\arduino_due_x_dbg\variant\variant.cpp.o
                0x00080328                serialEvent()
 *fill*         0x0008032a        0x2 
 .text.UART_Handler
                0x0008032c        0xc C:\Users\ryuya\AppData\Local\Temp\VMicroBuilds\ModuleTest\arduino_due_x_dbg\variant\variant.cpp.o
                0x0008032c                UART_Handler
 .text._Z12serialEvent1v
                0x00080338        0x2 C:\Users\ryuya\AppData\Local\Temp\VMicroBuilds\ModuleTest\arduino_due_x_dbg\variant\variant.cpp.o
                0x00080338                serialEvent1()
 .text._Z12serialEvent2v
                0x0008033a        0x2 C:\Users\ryuya\AppData\Local\Temp\VMicroBuilds\ModuleTest\arduino_due_x_dbg\variant\variant.cpp.o
                0x0008033a                serialEvent2()
 .text._Z12serialEvent3v
                0x0008033c        0x2 C:\Users\ryuya\AppData\Local\Temp\VMicroBuilds\ModuleTest\arduino_due_x_dbg\variant\variant.cpp.o
                0x0008033c                serialEvent3()
 *fill*         0x0008033e        0x2 
 .text.USART0_Handler
                0x00080340        0xc C:\Users\ryuya\AppData\Local\Temp\VMicroBuilds\ModuleTest\arduino_due_x_dbg\variant\variant.cpp.o
                0x00080340                USART0_Handler
 .text.USART1_Handler
                0x0008034c        0xc C:\Users\ryuya\AppData\Local\Temp\VMicroBuilds\ModuleTest\arduino_due_x_dbg\variant\variant.cpp.o
                0x0008034c                USART1_Handler
 .text.USART3_Handler
                0x00080358        0xc C:\Users\ryuya\AppData\Local\Temp\VMicroBuilds\ModuleTest\arduino_due_x_dbg\variant\variant.cpp.o
                0x00080358                USART3_Handler
 .text.init     0x00080364      0x128 C:\Users\ryuya\AppData\Local\Temp\VMicroBuilds\ModuleTest\arduino_due_x_dbg\variant\variant.cpp.o
                0x00080364                init
 .text.startup._GLOBAL__sub_I_g_APinDescription
                0x0008048c       0xd4 C:\Users\ryuya\AppData\Local\Temp\VMicroBuilds\ModuleTest\arduino_due_x_dbg\variant\variant.cpp.o
 .text._Z14serialEventRunv
                0x00080560       0x44 C:\Users\ryuya\AppData\Local\Temp\VMicroBuilds\ModuleTest\arduino_due_x_dbg\variant\variant.cpp.o
                0x00080560                serialEventRun()
 .text.PIO_PullUp
                0x000805a4        0xa C:\Users\ryuya\AppData\Local\arduino15\packages\arduino\hardware\sam\1.6.9\variants\arduino_due_x/libsam_sam3x8e_gcc_rel.a(pio.o)
                0x000805a4                PIO_PullUp
 .text.PIO_SetPeripheral
                0x000805ae       0x26 C:\Users\ryuya\AppData\Local\arduino15\packages\arduino\hardware\sam\1.6.9\variants\arduino_due_x/libsam_sam3x8e_gcc_rel.a(pio.o)
                0x000805ae                PIO_SetPeripheral
 .text.PIO_SetInput
                0x000805d4       0x26 C:\Users\ryuya\AppData\Local\arduino15\packages\arduino\hardware\sam\1.6.9\variants\arduino_due_x/libsam_sam3x8e_gcc_rel.a(pio.o)
                0x000805d4                PIO_SetInput
 .text.PIO_SetOutput
                0x000805fa       0x24 C:\Users\ryuya\AppData\Local\arduino15\packages\arduino\hardware\sam\1.6.9\variants\arduino_due_x/libsam_sam3x8e_gcc_rel.a(pio.o)
                0x000805fa                PIO_SetOutput
 *fill*         0x0008061e        0x2 
 .text.PIO_Configure
                0x00080620       0x64 C:\Users\ryuya\AppData\Local\arduino15\packages\arduino\hardware\sam\1.6.9\variants\arduino_due_x/libsam_sam3x8e_gcc_rel.a(pio.o)
                0x00080620                PIO_Configure
 .text.PIO_GetOutputDataStatus
                0x00080684       0x14 C:\Users\ryuya\AppData\Local\arduino15\packages\arduino\hardware\sam\1.6.9\variants\arduino_due_x/libsam_sam3x8e_gcc_rel.a(pio.o)
                0x00080684                PIO_GetOutputDataStatus
 .text.pmc_enable_upll_clock
                0x00080698       0x14 C:\Users\ryuya\AppData\Local\arduino15\packages\arduino\hardware\sam\1.6.9\variants\arduino_due_x/libsam_sam3x8e_gcc_rel.a(pmc.o)
                0x00080698                pmc_enable_upll_clock
 .text.pmc_enable_periph_clk
                0x000806ac       0x44 C:\Users\ryuya\AppData\Local\arduino15\packages\arduino\hardware\sam\1.6.9\variants\arduino_due_x/libsam_sam3x8e_gcc_rel.a(pmc.o)
                0x000806ac                pmc_enable_periph_clk
 .text.pmc_disable_periph_clk
                0x000806f0       0x40 C:\Users\ryuya\AppData\Local\arduino15\packages\arduino\hardware\sam\1.6.9\variants\arduino_due_x/libsam_sam3x8e_gcc_rel.a(pmc.o)
                0x000806f0                pmc_disable_periph_clk
 .text.pmc_switch_udpck_to_upllck
                0x00080730       0x14 C:\Users\ryuya\AppData\Local\arduino15\packages\arduino\hardware\sam\1.6.9\variants\arduino_due_x/libsam_sam3x8e_gcc_rel.a(pmc.o)
                0x00080730                pmc_switch_udpck_to_upllck
 .text.pmc_enable_udpck
                0x00080744        0xc C:\Users\ryuya\AppData\Local\arduino15\packages\arduino\hardware\sam\1.6.9\variants\arduino_due_x/libsam_sam3x8e_gcc_rel.a(pmc.o)
                0x00080744                pmc_enable_udpck
 .text.SystemInit
                0x00080750       0x88 C:\Users\ryuya\AppData\Local\arduino15\packages\arduino\hardware\sam\1.6.9\variants\arduino_due_x/libsam_sam3x8e_gcc_rel.a(system_sam3xa.o)
                0x00080750                SystemInit
 .text.Reset_Handler
                0x000807d8       0x78 C:\Users\ryuya\AppData\Local\arduino15\packages\arduino\hardware\sam\1.6.9\variants\arduino_due_x/libsam_sam3x8e_gcc_rel.a(startup_sam3xa.o)
                0x000807d8                Reset_Handler
 .text.adc_init
                0x00080850       0x98 C:\Users\ryuya\AppData\Local\arduino15\packages\arduino\hardware\sam\1.6.9\variants\arduino_due_x/libsam_sam3x8e_gcc_rel.a(adc.o)
                0x00080850                adc_init
 .text.adc_configure_trigger
                0x000808e8        0xe C:\Users\ryuya\AppData\Local\arduino15\packages\arduino\hardware\sam\1.6.9\variants\arduino_due_x/libsam_sam3x8e_gcc_rel.a(adc.o)
                0x000808e8                adc_configure_trigger
 .text.adc_configure_timing
                0x000808f6       0x1a C:\Users\ryuya\AppData\Local\arduino15\packages\arduino\hardware\sam\1.6.9\variants\arduino_due_x/libsam_sam3x8e_gcc_rel.a(adc.o)
                0x000808f6                adc_configure_timing
 .text.adc_disable_channel
                0x00080910        0xa C:\Users\ryuya\AppData\Local\arduino15\packages\arduino\hardware\sam\1.6.9\variants\arduino_due_x/libsam_sam3x8e_gcc_rel.a(adc.o)
                0x00080910                adc_disable_channel
 .text.adc_disable_all_channel
                0x0008091a        0x8 C:\Users\ryuya\AppData\Local\arduino15\packages\arduino\hardware\sam\1.6.9\variants\arduino_due_x/libsam_sam3x8e_gcc_rel.a(adc.o)
                0x0008091a                adc_disable_all_channel
 .text.adc_disable_interrupt
                0x00080922        0x4 C:\Users\ryuya\AppData\Local\arduino15\packages\arduino\hardware\sam\1.6.9\variants\arduino_due_x/libsam_sam3x8e_gcc_rel.a(adc.o)
                0x00080922                adc_disable_interrupt
 *fill*         0x00080926        0x2 
 .text.UOTGHS_Handler
                0x00080928       0x10 C:\Users\ryuya\AppData\Local\arduino15\packages\arduino\hardware\sam\1.6.9\variants\arduino_due_x/libsam_sam3x8e_gcc_rel.a(uotghs.o)
                0x00080928                UOTGHS_Handler
 .text.__halt   0x00080938        0x2 C:\Users\ryuya\AppData\Local\Temp\VMicroBuilds\ModuleTest\arduino_due_x_dbg/core.a(cortex_handlers.c.o)
                0x00080938                DACC_Handler
                0x00080938                DebugMon_Handler
                0x00080938                DMAC_Handler
                0x00080938                TRNG_Handler
                0x00080938                HardFault_Handler
                0x00080938                TC2_Handler
                0x00080938                TWI1_Handler
                0x00080938                NMI_Handler
                0x00080938                TC7_Handler
                0x00080938                ADC_Handler
                0x00080938                SMC_Handler
                0x00080938                RTT_Handler
                0x00080938                EFC1_Handler
                0x00080938                PIOB_Handler
                0x00080938                RTC_Handler
                0x00080938                UsageFault_Handler
                0x00080938                TC6_Handler
                0x00080938                WDT_Handler
                0x00080938                CAN0_Handler
                0x00080938                TC4_Handler
                0x00080938                TC1_Handler
                0x00080938                HSMCI_Handler
                0x00080938                TC3_Handler
                0x00080938                TWI0_Handler
                0x00080938                PIOA_Handler
                0x00080938                SSC_Handler
                0x00080938                EFC0_Handler
                0x00080938                PMC_Handler
                0x00080938                PWM_Handler
                0x00080938                CAN1_Handler
                0x00080938                MemManage_Handler
                0x00080938                SUPC_Handler
                0x00080938                TC8_Handler
                0x00080938                USART2_Handler
                0x00080938                PIOD_Handler
                0x00080938                EMAC_Handler
                0x00080938                PIOC_Handler
                0x00080938                BusFault_Handler
                0x00080938                RSTC_Handler
                0x00080938                TC0_Handler
                0x00080938                TC5_Handler
                0x00080938                SPI0_Handler
 .text.SVC_Handler
                0x0008093a        0x4 C:\Users\ryuya\AppData\Local\Temp\VMicroBuilds\ModuleTest\arduino_due_x_dbg/core.a(cortex_handlers.c.o)
                0x0008093a                SVC_Handler
 .text.PendSV_Handler
                0x0008093e        0x4 C:\Users\ryuya\AppData\Local\Temp\VMicroBuilds\ModuleTest\arduino_due_x_dbg/core.a(cortex_handlers.c.o)
                0x0008093e                PendSV_Handler
 .text.SysTick_Handler
                0x00080942       0x16 C:\Users\ryuya\AppData\Local\Temp\VMicroBuilds\ModuleTest\arduino_due_x_dbg/core.a(cortex_handlers.c.o)
                0x00080942                SysTick_Handler
 .text.__empty  0x00080958        0x2 C:\Users\ryuya\AppData\Local\Temp\VMicroBuilds\ModuleTest\arduino_due_x_dbg/core.a(hooks.c.o)
                0x00080958                yield
 .text.__false  0x0008095a        0x4 C:\Users\ryuya\AppData\Local\Temp\VMicroBuilds\ModuleTest\arduino_due_x_dbg/core.a(hooks.c.o)
                0x0008095a                sysTickHook
 .text.__halt   0x0008095e        0x2 C:\Users\ryuya\AppData\Local\Temp\VMicroBuilds\ModuleTest\arduino_due_x_dbg/core.a(hooks.c.o)
                0x0008095e                svcHook
                0x0008095e                pendSVHook
 .text._sbrk    0x00080960       0x1c C:\Users\ryuya\AppData\Local\Temp\VMicroBuilds\ModuleTest\arduino_due_x_dbg/core.a(syscalls_sam3.c.o)
                0x00080960                _sbrk
 .text.link     0x0008097c        0x6 C:\Users\ryuya\AppData\Local\Temp\VMicroBuilds\ModuleTest\arduino_due_x_dbg/core.a(syscalls_sam3.c.o)
                0x0008097c                link
 .text._close   0x00080982        0x6 C:\Users\ryuya\AppData\Local\Temp\VMicroBuilds\ModuleTest\arduino_due_x_dbg/core.a(syscalls_sam3.c.o)
                0x00080982                _close
 .text._fstat   0x00080988        0xa C:\Users\ryuya\AppData\Local\Temp\VMicroBuilds\ModuleTest\arduino_due_x_dbg/core.a(syscalls_sam3.c.o)
                0x00080988                _fstat
 .text._isatty  0x00080992        0x4 C:\Users\ryuya\AppData\Local\Temp\VMicroBuilds\ModuleTest\arduino_due_x_dbg/core.a(syscalls_sam3.c.o)
                0x00080992                _isatty
 .text._lseek   0x00080996        0x4 C:\Users\ryuya\AppData\Local\Temp\VMicroBuilds\ModuleTest\arduino_due_x_dbg/core.a(syscalls_sam3.c.o)
                0x00080996                _lseek
 .text._read    0x0008099a        0x4 C:\Users\ryuya\AppData\Local\Temp\VMicroBuilds\ModuleTest\arduino_due_x_dbg/core.a(syscalls_sam3.c.o)
                0x0008099a                _read
 *fill*         0x0008099e        0x2 
 .text._write   0x000809a0       0x24 C:\Users\ryuya\AppData\Local\Temp\VMicroBuilds\ModuleTest\arduino_due_x_dbg/core.a(syscalls_sam3.c.o)
                0x000809a0                _write
 .text._exit    0x000809c4       0x10 C:\Users\ryuya\AppData\Local\Temp\VMicroBuilds\ModuleTest\arduino_due_x_dbg/core.a(syscalls_sam3.c.o)
                0x000809c4                _exit
 .text._kill    0x000809d4        0x2 C:\Users\ryuya\AppData\Local\Temp\VMicroBuilds\ModuleTest\arduino_due_x_dbg/core.a(syscalls_sam3.c.o)
                0x000809d4                _kill
 .text._getpid  0x000809d6        0x6 C:\Users\ryuya\AppData\Local\Temp\VMicroBuilds\ModuleTest\arduino_due_x_dbg/core.a(syscalls_sam3.c.o)
                0x000809d6                _getpid
 .text.delay    0x000809dc       0x1c C:\Users\ryuya\AppData\Local\Temp\VMicroBuilds\ModuleTest\arduino_due_x_dbg/core.a(wiring.c.o)
                0x000809dc                delay
 .text.analogOutputInit
                0x000809f8        0x2 C:\Users\ryuya\AppData\Local\Temp\VMicroBuilds\ModuleTest\arduino_due_x_dbg/core.a(wiring_analog.c.o)
                0x000809f8                analogOutputInit
 *fill*         0x000809fa        0x2 
 .text.pinMode  0x000809fc      0x108 C:\Users\ryuya\AppData\Local\Temp\VMicroBuilds\ModuleTest\arduino_due_x_dbg/core.a(wiring_digital.c.o)
                0x000809fc                pinMode
 .text.digitalWrite
                0x00080b04       0x70 C:\Users\ryuya\AppData\Local\Temp\VMicroBuilds\ModuleTest\arduino_due_x_dbg/core.a(wiring_digital.c.o)
                0x00080b04                digitalWrite
 .text.initVariant
                0x00080b74        0x2 C:\Users\ryuya\AppData\Local\Temp\VMicroBuilds\ModuleTest\arduino_due_x_dbg/core.a(main.cpp.o)
                0x00080b74                initVariant
 *fill*         0x00080b76        0x2 
 .text.startup.main
                0x00080b78       0x38 C:\Users\ryuya\AppData\Local\Temp\VMicroBuilds\ModuleTest\arduino_due_x_dbg/core.a(main.cpp.o)
                0x00080b78                main
 .text._Znwj    0x00080bb0        0x4 C:\Users\ryuya\AppData\Local\Temp\VMicroBuilds\ModuleTest\arduino_due_x_dbg/core.a(new.cpp.o)
                0x00080bb0                operator new(unsigned int)
 .text._ZN5Print5writeEPKhj
                0x00080bb4       0x22 C:\Users\ryuya\AppData\Local\Temp\VMicroBuilds\ModuleTest\arduino_due_x_dbg/core.a(Print.cpp.o)
                0x00080bb4                Print::write(unsigned char const*, unsigned int)
 .text._ZN5Print5writeEPKc
                0x00080bd6       0x1e C:\Users\ryuya\AppData\Local\Temp\VMicroBuilds\ModuleTest\arduino_due_x_dbg/core.a(Print.cpp.o)
                0x00080bd6                Print::write(char const*)
 .text._ZN5Print7printlnEv
                0x00080bf4       0x10 C:\Users\ryuya\AppData\Local\Temp\VMicroBuilds\ModuleTest\arduino_due_x_dbg/core.a(Print.cpp.o)
                0x00080bf4                Print::println()
 .text._ZN5Print7printlnEPKc
                0x00080c04       0x14 C:\Users\ryuya\AppData\Local\Temp\VMicroBuilds\ModuleTest\arduino_due_x_dbg/core.a(Print.cpp.o)
                0x00080c04                Print::println(char const*)
 .text.initiateReset
                0x00080c18        0xc C:\Users\ryuya\AppData\Local\Temp\VMicroBuilds\ModuleTest\arduino_due_x_dbg/core.a(Reset.cpp.o)
                0x00080c18                initiateReset
 .text.cancelReset
                0x00080c24       0x10 C:\Users\ryuya\AppData\Local\Temp\VMicroBuilds\ModuleTest\arduino_due_x_dbg/core.a(Reset.cpp.o)
                0x00080c24                cancelReset
 .text.tickReset
                0x00080c34       0x20 C:\Users\ryuya\AppData\Local\Temp\VMicroBuilds\ModuleTest\arduino_due_x_dbg/core.a(Reset.cpp.o)
                0x00080c34                tickReset
 .text._ZN10RingBufferC2Ev
                0x00080c54       0x1a C:\Users\ryuya\AppData\Local\Temp\VMicroBuilds\ModuleTest\arduino_due_x_dbg/core.a(RingBuffer.cpp.o)
                0x00080c54                RingBuffer::RingBuffer()
                0x00080c54                RingBuffer::RingBuffer()
 .text._ZN10RingBuffer10store_charEh
                0x00080c6e       0x1e C:\Users\ryuya\AppData\Local\Temp\VMicroBuilds\ModuleTest\arduino_due_x_dbg/core.a(RingBuffer.cpp.o)
                0x00080c6e                RingBuffer::store_char(unsigned char)
 .text._ZN9UARTClasscvbEv
                0x00080c8c        0x4 C:\Users\ryuya\AppData\Local\Temp\VMicroBuilds\ModuleTest\arduino_due_x_dbg/core.a(UARTClass.cpp.o)
                0x00080c8c                UARTClass::operator bool()
 .text._ZN9UARTClass9availableEv
                0x00080c90       0x12 C:\Users\ryuya\AppData\Local\Temp\VMicroBuilds\ModuleTest\arduino_due_x_dbg/core.a(UARTClass.cpp.o)
                0x00080c90                UARTClass::available()
 .text._ZN9UARTClass4peekEv
                0x00080ca2       0x1c C:\Users\ryuya\AppData\Local\Temp\VMicroBuilds\ModuleTest\arduino_due_x_dbg/core.a(UARTClass.cpp.o)
                0x00080ca2                UARTClass::peek()
 .text._ZN9UARTClass4readEv
                0x00080cbe       0x2a C:\Users\ryuya\AppData\Local\Temp\VMicroBuilds\ModuleTest\arduino_due_x_dbg/core.a(UARTClass.cpp.o)
                0x00080cbe                UARTClass::read()
 .text._ZN9UARTClass5flushEv
                0x00080ce8       0x18 C:\Users\ryuya\AppData\Local\Temp\VMicroBuilds\ModuleTest\arduino_due_x_dbg/core.a(UARTClass.cpp.o)
                0x00080ce8                UARTClass::flush()
 .text._ZN9UARTClass5writeEh
                0x00080d00       0x54 C:\Users\ryuya\AppData\Local\Temp\VMicroBuilds\ModuleTest\arduino_due_x_dbg/core.a(UARTClass.cpp.o)
                0x00080d00                UARTClass::write(unsigned char)
 .text._ZN9UARTClass3endEv
                0x00080d54       0x3c C:\Users\ryuya\AppData\Local\Temp\VMicroBuilds\ModuleTest\arduino_due_x_dbg/core.a(UARTClass.cpp.o)
                0x00080d54                UARTClass::end()
 .text._ZN9UARTClassC2EP4Uart4IRQnmP10RingBufferS4_
                0x00080d90       0x24 C:\Users\ryuya\AppData\Local\Temp\VMicroBuilds\ModuleTest\arduino_due_x_dbg/core.a(UARTClass.cpp.o)
                0x00080d90                UARTClass::UARTClass(Uart*, IRQn, unsigned long, RingBuffer*, RingBuffer*)
                0x00080d90                UARTClass::UARTClass(Uart*, IRQn, unsigned long, RingBuffer*, RingBuffer*)
 .text._ZN9UARTClass4initEmm
                0x00080db4       0x70 C:\Users\ryuya\AppData\Local\Temp\VMicroBuilds\ModuleTest\arduino_due_x_dbg/core.a(UARTClass.cpp.o)
                0x00080db4                UARTClass::init(unsigned long, unsigned long)
 .text._ZN9UARTClass5beginEm
                0x00080e24        0x8 C:\Users\ryuya\AppData\Local\Temp\VMicroBuilds\ModuleTest\arduino_due_x_dbg/core.a(UARTClass.cpp.o)
                0x00080e24                UARTClass::begin(unsigned long)
 .text._ZN9UARTClass10IrqHandlerEv
                0x00080e2c       0x5a C:\Users\ryuya\AppData\Local\Temp\VMicroBuilds\ModuleTest\arduino_due_x_dbg/core.a(UARTClass.cpp.o)
                0x00080e2c                UARTClass::IrqHandler()
 .text._ZN10USARTClass5beginEm
                0x00080e86        0x8 C:\Users\ryuya\AppData\Local\Temp\VMicroBuilds\ModuleTest\arduino_due_x_dbg/core.a(USARTClass.cpp.o)
                0x00080e86                USARTClass::begin(unsigned long)
 *fill*         0x00080e8e        0x2 
 .text._ZN10USARTClassC2EP5Usart4IRQnmP10RingBufferS4_
                0x00080e90       0x24 C:\Users\ryuya\AppData\Local\Temp\VMicroBuilds\ModuleTest\arduino_due_x_dbg/core.a(USARTClass.cpp.o)
                0x00080e90                USARTClass::USARTClass(Usart*, IRQn, unsigned long, RingBuffer*, RingBuffer*)
                0x00080e90                USARTClass::USARTClass(Usart*, IRQn, unsigned long, RingBuffer*, RingBuffer*)
 .text._watchdogDefaultSetup
                0x00080eb4        0xc C:\Users\ryuya\AppData\Local\Temp\VMicroBuilds\ModuleTest\arduino_due_x_dbg/core.a(watchdog.cpp.o)
                0x00080eb4                _watchdogDefaultSetup
                0x00080eb4                watchdogSetup()
 .text.unlikely._ZL11USB_SendZlpv
                0x00080ec0       0x20 C:\Users\ryuya\AppData\Local\Temp\VMicroBuilds\ModuleTest\arduino_due_x_dbg/core.a(USBCore.cpp.o)
 .text._Z14USBD_Availablem
                0x00080ee0       0x2c C:\Users\ryuya\AppData\Local\Temp\VMicroBuilds\ModuleTest\arduino_due_x_dbg/core.a(USBCore.cpp.o)
                0x00080ee0                USBD_Available(unsigned long)
 .text._Z9USBD_RecvmPvm
                0x00080f0c       0x7c C:\Users\ryuya\AppData\Local\Temp\VMicroBuilds\ModuleTest\arduino_due_x_dbg/core.a(USBCore.cpp.o)
                0x00080f0c                USBD_Recv(unsigned long, void*, unsigned long)
 .text._Z9USBD_Recvm
                0x00080f88       0x22 C:\Users\ryuya\AppData\Local\Temp\VMicroBuilds\ModuleTest\arduino_due_x_dbg/core.a(USBCore.cpp.o)
                0x00080f88                USBD_Recv(unsigned long)
 *fill*         0x00080faa        0x2 
 .text._Z9USBD_SendmPKvm
                0x00080fac       0x4c C:\Users\ryuya\AppData\Local\Temp\VMicroBuilds\ModuleTest\arduino_due_x_dbg/core.a(USBCore.cpp.o)
                0x00080fac                USBD_Send(unsigned long, void const*, unsigned long)
 .text._Z16USBD_SendControlhPKvm
                0x00080ff8       0x40 C:\Users\ryuya\AppData\Local\Temp\VMicroBuilds\ModuleTest\arduino_due_x_dbg/core.a(USBCore.cpp.o)
                0x00080ff8                USBD_SendControl(unsigned char, void const*, unsigned long)
 .text.unlikely._ZL24USB_SendStringDescriptorPKhi
                0x00081038       0x64 C:\Users\ryuya\AppData\Local\Temp\VMicroBuilds\ModuleTest\arduino_due_x_dbg/core.a(USBCore.cpp.o)
 .text._Z16USBD_RecvControlPvm
                0x0008109c       0x1c C:\Users\ryuya\AppData\Local\Temp\VMicroBuilds\ModuleTest\arduino_due_x_dbg/core.a(USBCore.cpp.o)
                0x0008109c                USBD_RecvControl(void*, unsigned long)
 .text._Z26USBD_ClassInterfaceRequestR8USBSetup
                0x000810b8       0x1e C:\Users\ryuya\AppData\Local\Temp\VMicroBuilds\ModuleTest\arduino_due_x_dbg/core.a(USBCore.cpp.o)
                0x000810b8                USBD_ClassInterfaceRequest(USBSetup&)
 .text._Z19USBD_SendInterfacesv
                0x000810d6       0x22 C:\Users\ryuya\AppData\Local\Temp\VMicroBuilds\ModuleTest\arduino_due_x_dbg/core.a(USBCore.cpp.o)
                0x000810d6                USBD_SendInterfaces()
 .text._Z24USBD_SendOtherInterfacesv
                0x000810f8       0x22 C:\Users\ryuya\AppData\Local\Temp\VMicroBuilds\ModuleTest\arduino_due_x_dbg/core.a(USBCore.cpp.o)
                0x000810f8                USBD_SendOtherInterfaces()
 .text._Z10USBD_Flushm
                0x0008111a       0x16 C:\Users\ryuya\AppData\Local\Temp\VMicroBuilds\ModuleTest\arduino_due_x_dbg/core.a(USBCore.cpp.o)
                0x0008111a                USBD_Flush(unsigned long)
 .text._ZN10USBDevice_C2Ev
                0x00081130       0x24 C:\Users\ryuya\AppData\Local\Temp\VMicroBuilds\ModuleTest\arduino_due_x_dbg/core.a(USBCore.cpp.o)
                0x00081130                USBDevice_::USBDevice_()
                0x00081130                USBDevice_::USBDevice_()
 .text._ZN10USBDevice_6attachEv
                0x00081154       0x20 C:\Users\ryuya\AppData\Local\Temp\VMicroBuilds\ModuleTest\arduino_due_x_dbg/core.a(USBCore.cpp.o)
                0x00081154                USBDevice_::attach()
 .text.startup._GLOBAL__sub_I_EndPoints
                0x00081174        0xc C:\Users\ryuya\AppData\Local\Temp\VMicroBuilds\ModuleTest\arduino_due_x_dbg/core.a(USBCore.cpp.o)
 .text._ZL7USB_ISRv
                0x00081180      0x454 C:\Users\ryuya\AppData\Local\Temp\VMicroBuilds\ModuleTest\arduino_due_x_dbg/core.a(USBCore.cpp.o)
 .text._ZN7Serial_9availableEv
                0x000815d4       0x18 C:\Users\ryuya\AppData\Local\Temp\VMicroBuilds\ModuleTest\arduino_due_x_dbg/core.a(CDC.cpp.o)
                0x000815d4                Serial_::available()
 .text._ZN7Serial_17availableForWriteEv
                0x000815ec        0x6 C:\Users\ryuya\AppData\Local\Temp\VMicroBuilds\ModuleTest\arduino_due_x_dbg/core.a(CDC.cpp.o)
                0x000815ec                Serial_::availableForWrite()
 *fill*         0x000815f2        0x2 
 .text._ZN7Serial_4peekEv
                0x000815f4       0x20 C:\Users\ryuya\AppData\Local\Temp\VMicroBuilds\ModuleTest\arduino_due_x_dbg/core.a(CDC.cpp.o)
                0x000815f4                Serial_::peek()
 .text._ZN7Serial_5writeEh
                0x00081614       0x16 C:\Users\ryuya\AppData\Local\Temp\VMicroBuilds\ModuleTest\arduino_due_x_dbg/core.a(CDC.cpp.o)
                0x00081614                Serial_::write(unsigned char)
 *fill*         0x0008162a        0x2 
 .text._ZN7Serial_4readEv
                0x0008162c       0x44 C:\Users\ryuya\AppData\Local\Temp\VMicroBuilds\ModuleTest\arduino_due_x_dbg/core.a(CDC.cpp.o)
                0x0008162c                Serial_::read()
 .text._ZN7Serial_5flushEv
                0x00081670        0x6 C:\Users\ryuya\AppData\Local\Temp\VMicroBuilds\ModuleTest\arduino_due_x_dbg/core.a(CDC.cpp.o)
                0x00081670                Serial_::flush()
 *fill*         0x00081676        0x2 
 .text._ZN7Serial_6acceptEv
                0x00081678       0x70 C:\Users\ryuya\AppData\Local\Temp\VMicroBuilds\ModuleTest\arduino_due_x_dbg/core.a(CDC.cpp.o)
                0x00081678                Serial_::accept()
 .text._ZN7Serial_5writeEPKhj
                0x000816e8       0x2c C:\Users\ryuya\AppData\Local\Temp\VMicroBuilds\ModuleTest\arduino_due_x_dbg/core.a(CDC.cpp.o)
                0x000816e8                Serial_::write(unsigned char const*, unsigned int)
 .text._Z16CDC_GetInterfacePh
                0x00081714       0x14 C:\Users\ryuya\AppData\Local\Temp\VMicroBuilds\ModuleTest\arduino_due_x_dbg/core.a(CDC.cpp.o)
                0x00081714                CDC_GetInterface(unsigned char*)
 .text._Z21CDC_GetOtherInterfacePh
                0x00081728       0x14 C:\Users\ryuya\AppData\Local\Temp\VMicroBuilds\ModuleTest\arduino_due_x_dbg/core.a(CDC.cpp.o)
                0x00081728                CDC_GetOtherInterface(unsigned char*)
 .text._Z9CDC_SetupR8USBSetup
                0x0008173c       0x78 C:\Users\ryuya\AppData\Local\Temp\VMicroBuilds\ModuleTest\arduino_due_x_dbg/core.a(CDC.cpp.o)
                0x0008173c                CDC_Setup(USBSetup&)
 .text.startup._GLOBAL__sub_I_cdc_rx_buffer
                0x000817b4       0x1c C:\Users\ryuya\AppData\Local\Temp\VMicroBuilds\ModuleTest\arduino_due_x_dbg/core.a(CDC.cpp.o)
 .text._ZN13PluggableUSB_12getInterfaceEPh
                0x000817d0       0x28 C:\Users\ryuya\AppData\Local\Temp\VMicroBuilds\ModuleTest\arduino_due_x_dbg/core.a(PluggableUSB.cpp.o)
                0x000817d0                PluggableUSB_::getInterface(unsigned char*)
 .text._ZN13PluggableUSB_13getDescriptorER8USBSetup
                0x000817f8       0x1c C:\Users\ryuya\AppData\Local\Temp\VMicroBuilds\ModuleTest\arduino_due_x_dbg/core.a(PluggableUSB.cpp.o)
                0x000817f8                PluggableUSB_::getDescriptor(USBSetup&)
 .text._ZN13PluggableUSB_12getShortNameEPc
                0x00081814       0x1c C:\Users\ryuya\AppData\Local\Temp\VMicroBuilds\ModuleTest\arduino_due_x_dbg/core.a(PluggableUSB.cpp.o)
                0x00081814                PluggableUSB_::getShortName(char*)
 .text._ZN13PluggableUSB_5setupER8USBSetup
                0x00081830       0x20 C:\Users\ryuya\AppData\Local\Temp\VMicroBuilds\ModuleTest\arduino_due_x_dbg/core.a(PluggableUSB.cpp.o)
                0x00081830                PluggableUSB_::setup(USBSetup&)
 .text._Z12PluggableUSBv
                0x00081850       0x28 C:\Users\ryuya\AppData\Local\Temp\VMicroBuilds\ModuleTest\arduino_due_x_dbg/core.a(PluggableUSB.cpp.o)
                0x00081850                PluggableUSB()
 .text.TimeTick_Increment
                0x00081878       0x10 C:\Users\ryuya\AppData\Local\arduino15\packages\arduino\hardware\sam\1.6.9\variants\arduino_due_x/libsam_sam3x8e_gcc_rel.a(timetick.o)
                0x00081878                TimeTick_Increment
 .text.GetTickCount
                0x00081888        0xc C:\Users\ryuya\AppData\Local\arduino15\packages\arduino\hardware\sam\1.6.9\variants\arduino_due_x/libsam_sam3x8e_gcc_rel.a(timetick.o)
                0x00081888                GetTickCount
 .text.WDT_Disable
                0x00081894        0x8 C:\Users\ryuya\AppData\Local\arduino15\packages\arduino\hardware\sam\1.6.9\variants\arduino_due_x/libsam_sam3x8e_gcc_rel.a(wdt.o)
                0x00081894                WDT_Disable
 .text.UDD_SetStack
                0x0008189c        0xc C:\Users\ryuya\AppData\Local\arduino15\packages\arduino\hardware\sam\1.6.9\variants\arduino_due_x/libsam_sam3x8e_gcc_rel.a(uotghs_device.o)
                0x0008189c                UDD_SetStack
 .text.UDD_Init
                0x000818a8       0xd0 C:\Users\ryuya\AppData\Local\arduino15\packages\arduino\hardware\sam\1.6.9\variants\arduino_due_x/libsam_sam3x8e_gcc_rel.a(uotghs_device.o)
                0x000818a8                UDD_Init
 .text.UDD_Attach
                0x00081978       0x50 C:\Users\ryuya\AppData\Local\arduino15\packages\arduino\hardware\sam\1.6.9\variants\arduino_due_x/libsam_sam3x8e_gcc_rel.a(uotghs_device.o)
                0x00081978                UDD_Attach
 .text.UDD_InitEP
                0x000819c8       0x2c C:\Users\ryuya\AppData\Local\arduino15\packages\arduino\hardware\sam\1.6.9\variants\arduino_due_x/libsam_sam3x8e_gcc_rel.a(uotghs_device.o)
                0x000819c8                UDD_InitEP
 .text.UDD_InitEndpoints
                0x000819f4       0x3c C:\Users\ryuya\AppData\Local\arduino15\packages\arduino\hardware\sam\1.6.9\variants\arduino_due_x/libsam_sam3x8e_gcc_rel.a(uotghs_device.o)
                0x000819f4                UDD_InitEndpoints
 .text.UDD_WaitIN
                0x00081a30       0x10 C:\Users\ryuya\AppData\Local\arduino15\packages\arduino\hardware\sam\1.6.9\variants\arduino_due_x/libsam_sam3x8e_gcc_rel.a(uotghs_device.o)
                0x00081a30                UDD_WaitIN
 .text.UDD_WaitOUT
                0x00081a40       0x10 C:\Users\ryuya\AppData\Local\arduino15\packages\arduino\hardware\sam\1.6.9\variants\arduino_due_x/libsam_sam3x8e_gcc_rel.a(uotghs_device.o)
                0x00081a40                UDD_WaitOUT
 .text.UDD_ClearIN
                0x00081a50       0x18 C:\Users\ryuya\AppData\Local\arduino15\packages\arduino\hardware\sam\1.6.9\variants\arduino_due_x/libsam_sam3x8e_gcc_rel.a(uotghs_device.o)
                0x00081a50                UDD_ClearIN
 .text.UDD_ClearOUT
                0x00081a68       0x18 C:\Users\ryuya\AppData\Local\arduino15\packages\arduino\hardware\sam\1.6.9\variants\arduino_due_x/libsam_sam3x8e_gcc_rel.a(uotghs_device.o)
                0x00081a68                UDD_ClearOUT
 .text.UDD_ReceivedSetupInt
                0x00081a80       0x10 C:\Users\ryuya\AppData\Local\arduino15\packages\arduino\hardware\sam\1.6.9\variants\arduino_due_x/libsam_sam3x8e_gcc_rel.a(uotghs_device.o)
                0x00081a80                UDD_ReceivedSetupInt
 .text.UDD_ClearSetupInt
                0x00081a90       0x10 C:\Users\ryuya\AppData\Local\arduino15\packages\arduino\hardware\sam\1.6.9\variants\arduino_due_x/libsam_sam3x8e_gcc_rel.a(uotghs_device.o)
                0x00081a90                UDD_ClearSetupInt
 .text.UDD_Send
                0x00081aa0       0x88 C:\Users\ryuya\AppData\Local\arduino15\packages\arduino\hardware\sam\1.6.9\variants\arduino_due_x/libsam_sam3x8e_gcc_rel.a(uotghs_device.o)
                0x00081aa0                UDD_Send
 .text.UDD_Send8
                0x00081b28       0x24 C:\Users\ryuya\AppData\Local\arduino15\packages\arduino\hardware\sam\1.6.9\variants\arduino_due_x/libsam_sam3x8e_gcc_rel.a(uotghs_device.o)
                0x00081b28                UDD_Send8
 .text.UDD_Recv8
                0x00081b4c       0x28 C:\Users\ryuya\AppData\Local\arduino15\packages\arduino\hardware\sam\1.6.9\variants\arduino_due_x/libsam_sam3x8e_gcc_rel.a(uotghs_device.o)
                0x00081b4c                UDD_Recv8
 .text.UDD_Recv
                0x00081b74       0x34 C:\Users\ryuya\AppData\Local\arduino15\packages\arduino\hardware\sam\1.6.9\variants\arduino_due_x/libsam_sam3x8e_gcc_rel.a(uotghs_device.o)
                0x00081b74                UDD_Recv
 .text.UDD_Stall
                0x00081ba8       0x14 C:\Users\ryuya\AppData\Local\arduino15\packages\arduino\hardware\sam\1.6.9\variants\arduino_due_x/libsam_sam3x8e_gcc_rel.a(uotghs_device.o)
                0x00081ba8                UDD_Stall
 .text.UDD_FifoByteCount
                0x00081bbc       0x14 C:\Users\ryuya\AppData\Local\arduino15\packages\arduino\hardware\sam\1.6.9\variants\arduino_due_x/libsam_sam3x8e_gcc_rel.a(uotghs_device.o)
                0x00081bbc                UDD_FifoByteCount
 .text.UDD_ReleaseRX
                0x00081bd0       0x28 C:\Users\ryuya\AppData\Local\arduino15\packages\arduino\hardware\sam\1.6.9\variants\arduino_due_x/libsam_sam3x8e_gcc_rel.a(uotghs_device.o)
                0x00081bd0                UDD_ReleaseRX
 .text.UDD_ReleaseTX
                0x00081bf8       0x28 C:\Users\ryuya\AppData\Local\arduino15\packages\arduino\hardware\sam\1.6.9\variants\arduino_due_x/libsam_sam3x8e_gcc_rel.a(uotghs_device.o)
                0x00081bf8                UDD_ReleaseTX
 .text.UDD_SetAddress
                0x00081c20       0x20 C:\Users\ryuya\AppData\Local\arduino15\packages\arduino\hardware\sam\1.6.9\variants\arduino_due_x/libsam_sam3x8e_gcc_rel.a(uotghs_device.o)
                0x00081c20                UDD_SetAddress
 .text.__libc_init_array
                0x00081c40       0x50 c:/users/ryuya/appdata/local/arduino15/packages/arduino/tools/arm-none-eabi-gcc/4.8.3-2014q1/bin/../lib/gcc/arm-none-eabi/4.8.3/../../../../arm-none-eabi/lib/armv7-m\libg.a(lib_a-init.o)
                0x00081c40                __libc_init_array
 .text.iprintf  0x00081c90       0x28 c:/users/ryuya/appdata/local/arduino15/packages/arduino/tools/arm-none-eabi-gcc/4.8.3-2014q1/bin/../lib/gcc/arm-none-eabi/4.8.3/../../../../arm-none-eabi/lib/armv7-m\libg.a(lib_a-iprintf.o)
                0x00081c90                iprintf
 .text.malloc   0x00081cb8       0x10 c:/users/ryuya/appdata/local/arduino15/packages/arduino/tools/arm-none-eabi-gcc/4.8.3-2014q1/bin/../lib/gcc/arm-none-eabi/4.8.3/../../../../arm-none-eabi/lib/armv7-m\libg.a(lib_a-malloc.o)
                0x00081cb8                malloc
 .text._malloc_r
                0x00081cc8      0x538 c:/users/ryuya/appdata/local/arduino15/packages/arduino/tools/arm-none-eabi-gcc/4.8.3-2014q1/bin/../lib/gcc/arm-none-eabi/4.8.3/../../../../arm-none-eabi/lib/armv7-m\libg.a(lib_a-mallocr.o)
                0x00081cc8                _malloc_r
 .text.memset   0x00082200       0x94 c:/users/ryuya/appdata/local/arduino15/packages/arduino/tools/arm-none-eabi-gcc/4.8.3-2014q1/bin/../lib/gcc/arm-none-eabi/4.8.3/../../../../arm-none-eabi/lib/armv7-m\libg.a(lib_a-memset.o)
                0x00082200                memset
 .text.__malloc_lock
                0x00082294        0x4 c:/users/ryuya/appdata/local/arduino15/packages/arduino/tools/arm-none-eabi-gcc/4.8.3-2014q1/bin/../lib/gcc/arm-none-eabi/4.8.3/../../../../arm-none-eabi/lib/armv7-m\libg.a(lib_a-mlock.o)
                0x00082294                __malloc_lock
 .text.__malloc_unlock
                0x00082298        0x4 c:/users/ryuya/appdata/local/arduino15/packages/arduino/tools/arm-none-eabi-gcc/4.8.3-2014q1/bin/../lib/gcc/arm-none-eabi/4.8.3/../../../../arm-none-eabi/lib/armv7-m\libg.a(lib_a-mlock.o)
                0x00082298                __malloc_unlock
 .text._sbrk_r  0x0008229c       0x24 c:/users/ryuya/appdata/local/arduino15/packages/arduino/tools/arm-none-eabi-gcc/4.8.3-2014q1/bin/../lib/gcc/arm-none-eabi/4.8.3/../../../../arm-none-eabi/lib/armv7-m\libg.a(lib_a-sbrkr.o)
                0x0008229c                _sbrk_r
 .text.strlen   0x000822c0       0x60 c:/users/ryuya/appdata/local/arduino15/packages/arduino/tools/arm-none-eabi-gcc/4.8.3-2014q1/bin/../lib/gcc/arm-none-eabi/4.8.3/../../../../arm-none-eabi/lib/armv7-m\libg.a(lib_a-strlen.o)
                0x000822c0                strlen
 .text.kill     0x00082320       0x10 c:/users/ryuya/appdata/local/arduino15/packages/arduino/tools/arm-none-eabi-gcc/4.8.3-2014q1/bin/../lib/gcc/arm-none-eabi/4.8.3/../../../../arm-none-eabi/lib/armv7-m\libg.a(lib_a-syskill.o)
                0x00082320                kill
 .text.__sprint_r.part.0
                0x00082330       0x78 c:/users/ryuya/appdata/local/arduino15/packages/arduino/tools/arm-none-eabi-gcc/4.8.3-2014q1/bin/../lib/gcc/arm-none-eabi/4.8.3/../../../../arm-none-eabi/lib/armv7-m\libg.a(lib_a-vfiprintf.o)
 .text._vfiprintf_r
                0x000823a8      0xc54 c:/users/ryuya/appdata/local/arduino15/packages/arduino/tools/arm-none-eabi-gcc/4.8.3-2014q1/bin/../lib/gcc/arm-none-eabi/4.8.3/../../../../arm-none-eabi/lib/armv7-m\libg.a(lib_a-vfiprintf.o)
                0x000823a8                _vfiprintf_r
 .text.__sbprintf
                0x00082ffc       0x7c c:/users/ryuya/appdata/local/arduino15/packages/arduino/tools/arm-none-eabi-gcc/4.8.3-2014q1/bin/../lib/gcc/arm-none-eabi/4.8.3/../../../../arm-none-eabi/lib/armv7-m\libg.a(lib_a-vfiprintf.o)
 .text.__swsetup_r
                0x00083078       0xc4 c:/users/ryuya/appdata/local/arduino15/packages/arduino/tools/arm-none-eabi-gcc/4.8.3-2014q1/bin/../lib/gcc/arm-none-eabi/4.8.3/../../../../arm-none-eabi/lib/armv7-m\libg.a(lib_a-wsetup.o)
                0x00083078                __swsetup_r
 .text.startup.register_fini
                0x0008313c       0x14 c:/users/ryuya/appdata/local/arduino15/packages/arduino/tools/arm-none-eabi-gcc/4.8.3-2014q1/bin/../lib/gcc/arm-none-eabi/4.8.3/../../../../arm-none-eabi/lib/armv7-m\libg.a(lib_a-__call_atexit.o)
 .text.atexit   0x00083150        0xc c:/users/ryuya/appdata/local/arduino15/packages/arduino/tools/arm-none-eabi-gcc/4.8.3-2014q1/bin/../lib/gcc/arm-none-eabi/4.8.3/../../../../arm-none-eabi/lib/armv7-m\libg.a(lib_a-atexit.o)
                0x00083150                atexit
 .text.__sflush_r
                0x0008315c      0x148 c:/users/ryuya/appdata/local/arduino15/packages/arduino/tools/arm-none-eabi-gcc/4.8.3-2014q1/bin/../lib/gcc/arm-none-eabi/4.8.3/../../../../arm-none-eabi/lib/armv7-m\libg.a(lib_a-fflush.o)
                0x0008315c                __sflush_r
 .text._fflush_r
                0x000832a4       0x2c c:/users/ryuya/appdata/local/arduino15/packages/arduino/tools/arm-none-eabi-gcc/4.8.3-2014q1/bin/../lib/gcc/arm-none-eabi/4.8.3/../../../../arm-none-eabi/lib/armv7-m\libg.a(lib_a-fflush.o)
                0x000832a4                _fflush_r
 .text._cleanup_r
                0x000832d0        0xc c:/users/ryuya/appdata/local/arduino15/packages/arduino/tools/arm-none-eabi-gcc/4.8.3-2014q1/bin/../lib/gcc/arm-none-eabi/4.8.3/../../../../arm-none-eabi/lib/armv7-m\libg.a(lib_a-findfp.o)
                0x000832d0                _cleanup_r
 .text.__sinit  0x000832dc       0xf4 c:/users/ryuya/appdata/local/arduino15/packages/arduino/tools/arm-none-eabi-gcc/4.8.3-2014q1/bin/../lib/gcc/arm-none-eabi/4.8.3/../../../../arm-none-eabi/lib/armv7-m\libg.a(lib_a-findfp.o)
                0x000832dc                __sinit
 .text.__sfp_lock_acquire
                0x000833d0        0x4 c:/users/ryuya/appdata/local/arduino15/packages/arduino/tools/arm-none-eabi-gcc/4.8.3-2014q1/bin/../lib/gcc/arm-none-eabi/4.8.3/../../../../arm-none-eabi/lib/armv7-m\libg.a(lib_a-findfp.o)
                0x000833d0                __sfp_lock_acquire
 .text.__sfp_lock_release
                0x000833d4        0x4 c:/users/ryuya/appdata/local/arduino15/packages/arduino/tools/arm-none-eabi-gcc/4.8.3-2014q1/bin/../lib/gcc/arm-none-eabi/4.8.3/../../../../arm-none-eabi/lib/armv7-m\libg.a(lib_a-findfp.o)
                0x000833d4                __sfp_lock_release
 .text.__libc_fini_array
                0x000833d8       0x30 c:/users/ryuya/appdata/local/arduino15/packages/arduino/tools/arm-none-eabi-gcc/4.8.3-2014q1/bin/../lib/gcc/arm-none-eabi/4.8.3/../../../../arm-none-eabi/lib/armv7-m\libg.a(lib_a-fini.o)
                0x000833d8                __libc_fini_array
 .text._fputwc_r
                0x00083408       0xc0 c:/users/ryuya/appdata/local/arduino15/packages/arduino/tools/arm-none-eabi-gcc/4.8.3-2014q1/bin/../lib/gcc/arm-none-eabi/4.8.3/../../../../arm-none-eabi/lib/armv7-m\libg.a(lib_a-fputwc.o)
                0x00083408                _fputwc_r
 .text._malloc_trim_r
                0x000834c8       0x9c c:/users/ryuya/appdata/local/arduino15/packages/arduino/tools/arm-none-eabi-gcc/4.8.3-2014q1/bin/../lib/gcc/arm-none-eabi/4.8.3/../../../../arm-none-eabi/lib/armv7-m\libg.a(lib_a-freer.o)
                0x000834c8                _malloc_trim_r
 .text._free_r  0x00083564      0x198 c:/users/ryuya/appdata/local/arduino15/packages/arduino/tools/arm-none-eabi-gcc/4.8.3-2014q1/bin/../lib/gcc/arm-none-eabi/4.8.3/../../../../arm-none-eabi/lib/armv7-m\libg.a(lib_a-freer.o)
                0x00083564                _free_r
 .text.__sfvwrite_r
                0x000836fc      0x314 c:/users/ryuya/appdata/local/arduino15/packages/arduino/tools/arm-none-eabi-gcc/4.8.3-2014q1/bin/../lib/gcc/arm-none-eabi/4.8.3/../../../../arm-none-eabi/lib/armv7-m\libg.a(lib_a-fvwrite.o)
                0x000836fc                __sfvwrite_r
 .text._fwalk   0x00083a10       0x48 c:/users/ryuya/appdata/local/arduino15/packages/arduino/tools/arm-none-eabi-gcc/4.8.3-2014q1/bin/../lib/gcc/arm-none-eabi/4.8.3/../../../../arm-none-eabi/lib/armv7-m\libg.a(lib_a-fwalk.o)
                0x00083a10                _fwalk
 .text.__locale_charset
                0x00083a58        0x8 c:/users/ryuya/appdata/local/arduino15/packages/arduino/tools/arm-none-eabi-gcc/4.8.3-2014q1/bin/../lib/gcc/arm-none-eabi/4.8.3/../../../../arm-none-eabi/lib/armv7-m\libg.a(lib_a-locale.o)
                0x00083a58                __locale_charset
 .text.__locale_mb_cur_max
                0x00083a60        0xc c:/users/ryuya/appdata/local/arduino15/packages/arduino/tools/arm-none-eabi-gcc/4.8.3-2014q1/bin/../lib/gcc/arm-none-eabi/4.8.3/../../../../arm-none-eabi/lib/armv7-m\libg.a(lib_a-locale.o)
                0x00083a60                __locale_mb_cur_max
 .text.__smakebuf_r
                0x00083a6c       0xe0 c:/users/ryuya/appdata/local/arduino15/packages/arduino/tools/arm-none-eabi-gcc/4.8.3-2014q1/bin/../lib/gcc/arm-none-eabi/4.8.3/../../../../arm-none-eabi/lib/armv7-m\libg.a(lib_a-makebuf.o)
                0x00083a6c                __smakebuf_r
 .text.memchr   0x00083b4c       0x94 c:/users/ryuya/appdata/local/arduino15/packages/arduino/tools/arm-none-eabi-gcc/4.8.3-2014q1/bin/../lib/gcc/arm-none-eabi/4.8.3/../../../../arm-none-eabi/lib/armv7-m\libg.a(lib_a-memchr-stub.o)
                0x00083b4c                memchr
 .text          0x00083be0       0xec c:/users/ryuya/appdata/local/arduino15/packages/arduino/tools/arm-none-eabi-gcc/4.8.3-2014q1/bin/../lib/gcc/arm-none-eabi/4.8.3/../../../../arm-none-eabi/lib/armv7-m\libg.a(lib_a-memcpy.o)
                0x00083be0                memcpy
 .text.memmove  0x00083ccc       0xcc c:/users/ryuya/appdata/local/arduino15/packages/arduino/tools/arm-none-eabi-gcc/4.8.3-2014q1/bin/../lib/gcc/arm-none-eabi/4.8.3/../../../../arm-none-eabi/lib/armv7-m\libg.a(lib_a-memmove.o)
                0x00083ccc                memmove
 .text._realloc_r
                0x00083d98      0x3c0 c:/users/ryuya/appdata/local/arduino15/packages/arduino/tools/arm-none-eabi-gcc/4.8.3-2014q1/bin/../lib/gcc/arm-none-eabi/4.8.3/../../../../arm-none-eabi/lib/armv7-m\libg.a(lib_a-reallocr.o)
                0x00083d98                _realloc_r
 .text._kill_r  0x00084158       0x28 c:/users/ryuya/appdata/local/arduino15/packages/arduino/tools/arm-none-eabi-gcc/4.8.3-2014q1/bin/../lib/gcc/arm-none-eabi/4.8.3/../../../../arm-none-eabi/lib/armv7-m\libg.a(lib_a-signalr.o)
                0x00084158                _kill_r
 .text.__sread  0x00084180       0x24 c:/users/ryuya/appdata/local/arduino15/packages/arduino/tools/arm-none-eabi-gcc/4.8.3-2014q1/bin/../lib/gcc/arm-none-eabi/4.8.3/../../../../arm-none-eabi/lib/armv7-m\libg.a(lib_a-stdio.o)
                0x00084180                __sread
 .text.__swrite
                0x000841a4       0x38 c:/users/ryuya/appdata/local/arduino15/packages/arduino/tools/arm-none-eabi-gcc/4.8.3-2014q1/bin/../lib/gcc/arm-none-eabi/4.8.3/../../../../arm-none-eabi/lib/armv7-m\libg.a(lib_a-stdio.o)
                0x000841a4                __swrite
 .text.__sseek  0x000841dc       0x20 c:/users/ryuya/appdata/local/arduino15/packages/arduino/tools/arm-none-eabi-gcc/4.8.3-2014q1/bin/../lib/gcc/arm-none-eabi/4.8.3/../../../../arm-none-eabi/lib/armv7-m\libg.a(lib_a-stdio.o)
                0x000841dc                __sseek
 .text.__sclose
                0x000841fc        0x8 c:/users/ryuya/appdata/local/arduino15/packages/arduino/tools/arm-none-eabi-gcc/4.8.3-2014q1/bin/../lib/gcc/arm-none-eabi/4.8.3/../../../../arm-none-eabi/lib/armv7-m\libg.a(lib_a-stdio.o)
                0x000841fc                __sclose
 .text.__swbuf_r
                0x00084204       0xa8 c:/users/ryuya/appdata/local/arduino15/packages/arduino/tools/arm-none-eabi-gcc/4.8.3-2014q1/bin/../lib/gcc/arm-none-eabi/4.8.3/../../../../arm-none-eabi/lib/armv7-m\libg.a(lib_a-wbuf.o)
                0x00084204                __swbuf_r
 .text._wcrtomb_r
                0x000842ac       0x50 c:/users/ryuya/appdata/local/arduino15/packages/arduino/tools/arm-none-eabi-gcc/4.8.3-2014q1/bin/../lib/gcc/arm-none-eabi/4.8.3/../../../../arm-none-eabi/lib/armv7-m\libg.a(lib_a-wcrtomb.o)
                0x000842ac                _wcrtomb_r
 .text.__ascii_wctomb
                0x000842fc       0x1c c:/users/ryuya/appdata/local/arduino15/packages/arduino/tools/arm-none-eabi-gcc/4.8.3-2014q1/bin/../lib/gcc/arm-none-eabi/4.8.3/../../../../arm-none-eabi/lib/armv7-m\libg.a(lib_a-wctomb_r.o)
                0x000842fc                __ascii_wctomb
 .text._write_r
                0x00084318       0x28 c:/users/ryuya/appdata/local/arduino15/packages/arduino/tools/arm-none-eabi-gcc/4.8.3-2014q1/bin/../lib/gcc/arm-none-eabi/4.8.3/../../../../arm-none-eabi/lib/armv7-m\libg.a(lib_a-writer.o)
                0x00084318                _write_r
 .text.__register_exitproc
                0x00084340       0xa8 c:/users/ryuya/appdata/local/arduino15/packages/arduino/tools/arm-none-eabi-gcc/4.8.3-2014q1/bin/../lib/gcc/arm-none-eabi/4.8.3/../../../../arm-none-eabi/lib/armv7-m\libg.a(lib_a-__atexit.o)
                0x00084340                __register_exitproc
 .text._close_r
                0x000843e8       0x24 c:/users/ryuya/appdata/local/arduino15/packages/arduino/tools/arm-none-eabi-gcc/4.8.3-2014q1/bin/../lib/gcc/arm-none-eabi/4.8.3/../../../../arm-none-eabi/lib/armv7-m\libg.a(lib_a-closer.o)
                0x000843e8                _close_r
 .text._fclose_r
                0x0008440c       0x80 c:/users/ryuya/appdata/local/arduino15/packages/arduino/tools/arm-none-eabi-gcc/4.8.3-2014q1/bin/../lib/gcc/arm-none-eabi/4.8.3/../../../../arm-none-eabi/lib/armv7-m\libg.a(lib_a-fclose.o)
                0x0008440c                _fclose_r
 .text.fclose   0x0008448c       0x10 c:/users/ryuya/appdata/local/arduino15/packages/arduino/tools/arm-none-eabi-gcc/4.8.3-2014q1/bin/../lib/gcc/arm-none-eabi/4.8.3/../../../../arm-none-eabi/lib/armv7-m\libg.a(lib_a-fclose.o)
                0x0008448c                fclose
 .text._fstat_r
                0x0008449c       0x28 c:/users/ryuya/appdata/local/arduino15/packages/arduino/tools/arm-none-eabi-gcc/4.8.3-2014q1/bin/../lib/gcc/arm-none-eabi/4.8.3/../../../../arm-none-eabi/lib/armv7-m\libg.a(lib_a-fstatr.o)
                0x0008449c                _fstat_r
 .text._isatty_r
                0x000844c4       0x24 c:/users/ryuya/appdata/local/arduino15/packages/arduino/tools/arm-none-eabi-gcc/4.8.3-2014q1/bin/../lib/gcc/arm-none-eabi/4.8.3/../../../../arm-none-eabi/lib/armv7-m\libg.a(lib_a-isattyr.o)
                0x000844c4                _isatty_r
 .text._lseek_r
                0x000844e8       0x28 c:/users/ryuya/appdata/local/arduino15/packages/arduino/tools/arm-none-eabi-gcc/4.8.3-2014q1/bin/../lib/gcc/arm-none-eabi/4.8.3/../../../../arm-none-eabi/lib/armv7-m\libg.a(lib_a-lseekr.o)
                0x000844e8                _lseek_r
 .text._read_r  0x00084510       0x28 c:/users/ryuya/appdata/local/arduino15/packages/arduino/tools/arm-none-eabi-gcc/4.8.3-2014q1/bin/../lib/gcc/arm-none-eabi/4.8.3/../../../../arm-none-eabi/lib/armv7-m\libg.a(lib_a-readr.o)
                0x00084510                _read_r
 .text          0x00084538       0x2c c:/users/ryuya/appdata/local/arduino15/packages/arduino/tools/arm-none-eabi-gcc/4.8.3-2014q1/bin/../lib/gcc/arm-none-eabi/4.8.3/armv7-m\libgcc.a(_aeabi_uldivmod.o)
                0x00084538                __aeabi_uldivmod
 .text          0x00084564       0x60 c:/users/ryuya/appdata/local/arduino15/packages/arduino/tools/arm-none-eabi-gcc/4.8.3-2014q1/bin/../lib/gcc/arm-none-eabi/4.8.3/armv7-m\libgcc.a(bpabi.o)
                0x00084564                __gnu_ldivmod_helper
                0x00084594                __gnu_uldivmod_helper
 .text          0x000845c4        0x4 c:/users/ryuya/appdata/local/arduino15/packages/arduino/tools/arm-none-eabi-gcc/4.8.3-2014q1/bin/../lib/gcc/arm-none-eabi/4.8.3/armv7-m\libgcc.a(_dvmd_tls.o)
                0x000845c4                __aeabi_idiv0
                0x000845c4                __aeabi_ldiv0
 .text          0x000845c8      0x2a0 c:/users/ryuya/appdata/local/arduino15/packages/arduino/tools/arm-none-eabi-gcc/4.8.3-2014q1/bin/../lib/gcc/arm-none-eabi/4.8.3/armv7-m\libgcc.a(_divdi3.o)
                0x000845c8                __divdi3
 .text          0x00084868      0x290 c:/users/ryuya/appdata/local/arduino15/packages/arduino/tools/arm-none-eabi-gcc/4.8.3-2014q1/bin/../lib/gcc/arm-none-eabi/4.8.3/armv7-m\libgcc.a(_udivdi3.o)
                0x00084868                __udivdi3
 *(.glue_7t)
 .glue_7t       0x00000000        0x0 linker stubs
 *(.glue_7)
 .glue_7        0x00000000        0x0 linker stubs
 *(.rodata .rodata* .gnu.linkonce.r.*)
 .rodata.outputPins
                0x00084af8        0x8 C:\Users\ryuya\AppData\Local\Temp\VMicroBuilds\ModuleTest\arduino_due_x_dbg\PinAssignment.cpp.o
                0x00084af8                outputPins
 .rodata.inputPins
                0x00084b00        0x4 C:\Users\ryuya\AppData\Local\Temp\VMicroBuilds\ModuleTest\arduino_due_x_dbg\PinAssignment.cpp.o
                0x00084b00                inputPins
 .rodata.str1.1
                0x00084b04       0x9c C:\Users\ryuya\AppData\Local\Temp\VMicroBuilds\ModuleTest\arduino_due_x_dbg\SerialFunction.cpp.o
 .rodata._ZTV2Ir
                0x00084ba0       0x10 C:\Users\ryuya\AppData\Local\Temp\VMicroBuilds\ModuleTest\arduino_due_x_dbg\TestPrograms.cpp.o
                0x00084ba0                vtable for Ir
 .rodata._ZTV3Mp3
                0x00084bb0       0x10 C:\Users\ryuya\AppData\Local\Temp\VMicroBuilds\ModuleTest\arduino_due_x_dbg\TestPrograms.cpp.o
                0x00084bb0                vtable for Mp3
 .rodata._ZTV7Encoder
                0x00084bc0       0x10 C:\Users\ryuya\AppData\Local\Temp\VMicroBuilds\ModuleTest\arduino_due_x_dbg\TestPrograms.cpp.o
                0x00084bc0                vtable for Encoder
 .rodata._ZTV3Uss
                0x00084bd0       0x10 C:\Users\ryuya\AppData\Local\Temp\VMicroBuilds\ModuleTest\arduino_due_x_dbg\TestPrograms.cpp.o
                0x00084bd0                vtable for Uss
 .rodata._ZTV5Motor
                0x00084be0       0x10 C:\Users\ryuya\AppData\Local\Temp\VMicroBuilds\ModuleTest\arduino_due_x_dbg\TestPrograms.cpp.o
                0x00084be0                vtable for Motor
 .rodata.g_APinDescription
                0x00084bf0      0xa2c C:\Users\ryuya\AppData\Local\Temp\VMicroBuilds\ModuleTest\arduino_due_x_dbg\variant\variant.cpp.o
                0x00084bf0                g_APinDescription
 .rodata        0x0008561c       0x40 C:\Users\ryuya\AppData\Local\arduino15\packages\arduino\hardware\sam\1.6.9\variants\arduino_due_x/libsam_sam3x8e_gcc_rel.a(adc.o)
 .rodata.str1.1
                0x0008565c       0x19 C:\Users\ryuya\AppData\Local\Temp\VMicroBuilds\ModuleTest\arduino_due_x_dbg/core.a(syscalls_sam3.c.o)
 .rodata.str1.1
                0x00085675       0x11 C:\Users\ryuya\AppData\Local\Temp\VMicroBuilds\ModuleTest\arduino_due_x_dbg/core.a(Print.cpp.o)
 *fill*         0x00085686        0x2 
 .rodata._ZTV9UARTClass
                0x00085688       0x30 C:\Users\ryuya\AppData\Local\Temp\VMicroBuilds\ModuleTest\arduino_due_x_dbg/core.a(UARTClass.cpp.o)
                0x00085688                vtable for UARTClass
 .rodata._ZTV10USARTClass
                0x000856b8       0x30 C:\Users\ryuya\AppData\Local\Temp\VMicroBuilds\ModuleTest\arduino_due_x_dbg/core.a(USARTClass.cpp.o)
                0x000856b8                vtable for USARTClass
 .rodata.STRING_PRODUCT
                0x000856e8        0xc C:\Users\ryuya\AppData\Local\Temp\VMicroBuilds\ModuleTest\arduino_due_x_dbg/core.a(USBCore.cpp.o)
                0x000856e8                STRING_PRODUCT
 .rodata.USB_DeviceDescriptor
                0x000856f4       0x12 C:\Users\ryuya\AppData\Local\Temp\VMicroBuilds\ModuleTest\arduino_due_x_dbg/core.a(USBCore.cpp.o)
                0x000856f4                USB_DeviceDescriptor
 .rodata.STRING_LANGUAGE
                0x00085706        0x4 C:\Users\ryuya\AppData\Local\Temp\VMicroBuilds\ModuleTest\arduino_due_x_dbg/core.a(USBCore.cpp.o)
                0x00085706                STRING_LANGUAGE
 .rodata._ZL18test_packet_buffer
                0x0008570a       0x35 C:\Users\ryuya\AppData\Local\Temp\VMicroBuilds\ModuleTest\arduino_due_x_dbg/core.a(USBCore.cpp.o)
 .rodata.STRING_MANUFACTURER
                0x0008573f        0xc C:\Users\ryuya\AppData\Local\Temp\VMicroBuilds\ModuleTest\arduino_due_x_dbg/core.a(USBCore.cpp.o)
                0x0008573f                STRING_MANUFACTURER
 .rodata.USB_DeviceDescriptorA
                0x0008574b       0x12 C:\Users\ryuya\AppData\Local\Temp\VMicroBuilds\ModuleTest\arduino_due_x_dbg/core.a(USBCore.cpp.o)
                0x0008574b                USB_DeviceDescriptorA
 .rodata._ZL19USB_DeviceQualifier
                0x0008575d        0x9 C:\Users\ryuya\AppData\Local\Temp\VMicroBuilds\ModuleTest\arduino_due_x_dbg/core.a(USBCore.cpp.o)
 *fill*         0x00085766        0x2 
 .rodata._ZTV7Serial_
                0x00085768       0x28 C:\Users\ryuya\AppData\Local\Temp\VMicroBuilds\ModuleTest\arduino_due_x_dbg/core.a(CDC.cpp.o)
                0x00085768                vtable for Serial_
 .rodata._ZL18_cdcOtherInterface
                0x00085790       0x42 C:\Users\ryuya\AppData\Local\Temp\VMicroBuilds\ModuleTest\arduino_due_x_dbg/core.a(CDC.cpp.o)
 .rodata._ZL13_cdcInterface
                0x000857d2       0x42 C:\Users\ryuya\AppData\Local\Temp\VMicroBuilds\ModuleTest\arduino_due_x_dbg/core.a(CDC.cpp.o)
 .rodata.str1.4
                0x00085814        0x2 c:/users/ryuya/appdata/local/arduino15/packages/arduino/tools/arm-none-eabi-gcc/4.8.3-2014q1/bin/../lib/gcc/arm-none-eabi/4.8.3/../../../../arm-none-eabi/lib/armv7-m\libg.a(lib_a-impure.o)
                                  0x4 (size before relaxing)
 *fill*         0x00085816        0x2 
 .rodata._global_impure_ptr
                0x00085818        0x4 c:/users/ryuya/appdata/local/arduino15/packages/arduino/tools/arm-none-eabi-gcc/4.8.3-2014q1/bin/../lib/gcc/arm-none-eabi/4.8.3/../../../../arm-none-eabi/lib/armv7-m\libg.a(lib_a-impure.o)
                0x00085818                _global_impure_ptr
 .rodata.blanks.6717
                0x0008581c       0x10 c:/users/ryuya/appdata/local/arduino15/packages/arduino/tools/arm-none-eabi-gcc/4.8.3-2014q1/bin/../lib/gcc/arm-none-eabi/4.8.3/../../../../arm-none-eabi/lib/armv7-m\libg.a(lib_a-vfiprintf.o)
 .rodata.str1.4
                0x0008582c       0x30 c:/users/ryuya/appdata/local/arduino15/packages/arduino/tools/arm-none-eabi-gcc/4.8.3-2014q1/bin/../lib/gcc/arm-none-eabi/4.8.3/../../../../arm-none-eabi/lib/armv7-m\libg.a(lib_a-vfiprintf.o)
 .rodata.zeroes.6718
                0x0008585c       0x10 c:/users/ryuya/appdata/local/arduino15/packages/arduino/tools/arm-none-eabi-gcc/4.8.3-2014q1/bin/../lib/gcc/arm-none-eabi/4.8.3/../../../../arm-none-eabi/lib/armv7-m\libg.a(lib_a-vfiprintf.o)
 *(.ARM.extab* .gnu.linkonce.armextab.*)
                0x0008586c                . = ALIGN (0x4)
 *(.init)
 .init          0x0008586c        0x4 c:/users/ryuya/appdata/local/arduino15/packages/arduino/tools/arm-none-eabi-gcc/4.8.3-2014q1/bin/../lib/gcc/arm-none-eabi/4.8.3/armv7-m/crti.o
                0x0008586c                _init
 .init          0x00085870        0x8 c:/users/ryuya/appdata/local/arduino15/packages/arduino/tools/arm-none-eabi-gcc/4.8.3-2014q1/bin/../lib/gcc/arm-none-eabi/4.8.3/armv7-m/crtn.o
                0x00085878                . = ALIGN (0x4)
                0x00085878                __preinit_array_start = .
 *(.preinit_array)
                0x00085878                __preinit_array_end = .
                0x00085878                . = ALIGN (0x4)
                0x00085878                __init_array_start = .
 *(SORT(.init_array.*))
 .init_array.00000
                0x00085878        0x4 c:/users/ryuya/appdata/local/arduino15/packages/arduino/tools/arm-none-eabi-gcc/4.8.3-2014q1/bin/../lib/gcc/arm-none-eabi/4.8.3/../../../../arm-none-eabi/lib/armv7-m\libg.a(lib_a-__call_atexit.o)
 *(.init_array)
 .init_array    0x0008587c        0x4 c:/users/ryuya/appdata/local/arduino15/packages/arduino/tools/arm-none-eabi-gcc/4.8.3-2014q1/bin/../lib/gcc/arm-none-eabi/4.8.3/armv7-m/crtbegin.o
 .init_array    0x00085880        0x4 C:\Users\ryuya\AppData\Local\Temp\VMicroBuilds\ModuleTest\arduino_due_x_dbg\TestPrograms.cpp.o
 .init_array    0x00085884        0x4 C:\Users\ryuya\AppData\Local\Temp\VMicroBuilds\ModuleTest\arduino_due_x_dbg\variant\variant.cpp.o
 .init_array    0x00085888        0x4 C:\Users\ryuya\AppData\Local\Temp\VMicroBuilds\ModuleTest\arduino_due_x_dbg/core.a(USBCore.cpp.o)
 .init_array    0x0008588c        0x4 C:\Users\ryuya\AppData\Local\Temp\VMicroBuilds\ModuleTest\arduino_due_x_dbg/core.a(CDC.cpp.o)
                0x00085890                __init_array_end = .
                0x00085890                . = ALIGN (0x4)
 *crtbegin.o(.ctors)
 *(EXCLUDE_FILE(*crtend.o) .ctors)
 *(SORT(.ctors.*))
 *crtend.o(.ctors)
                0x00085890                . = ALIGN (0x4)
 *(.fini)
 .fini          0x00085890        0x4 c:/users/ryuya/appdata/local/arduino15/packages/arduino/tools/arm-none-eabi-gcc/4.8.3-2014q1/bin/../lib/gcc/arm-none-eabi/4.8.3/armv7-m/crti.o
                0x00085890                _fini
 .fini          0x00085894        0x8 c:/users/ryuya/appdata/local/arduino15/packages/arduino/tools/arm-none-eabi-gcc/4.8.3-2014q1/bin/../lib/gcc/arm-none-eabi/4.8.3/armv7-m/crtn.o
                0x0008589c                . = ALIGN (0x4)
                0x0008589c                __fini_array_start = .
 *(.fini_array)
 .fini_array    0x0008589c        0x4 c:/users/ryuya/appdata/local/arduino15/packages/arduino/tools/arm-none-eabi-gcc/4.8.3-2014q1/bin/../lib/gcc/arm-none-eabi/4.8.3/armv7-m/crtbegin.o
 *(SORT(.fini_array.*))
                0x000858a0                __fini_array_end = .
 *crtbegin.o(.dtors)
 *(EXCLUDE_FILE(*crtend.o) .dtors)
 *(SORT(.dtors.*))
 *crtend.o(.dtors)
                0x000858a0                . = ALIGN (0x4)
                0x000858a0                _efixed = .
                0x000858a0                PROVIDE (__exidx_start, .)

.vfp11_veneer   0x000858a0        0x0
 .vfp11_veneer  0x00000000        0x0 linker stubs

.v4_bx          0x000858a0        0x0
 .v4_bx         0x00000000        0x0 linker stubs

.iplt           0x000858a0        0x0
 .iplt          0x00000000        0x0 c:/users/ryuya/appdata/local/arduino15/packages/arduino/tools/arm-none-eabi-gcc/4.8.3-2014q1/bin/../lib/gcc/arm-none-eabi/4.8.3/armv7-m/crtbegin.o

.ARM.exidx      0x000858a0        0x8
 *(.ARM.exidx* .gnu.linkonce.armexidx.*)
 .ARM.exidx     0x000858a0        0x8 c:/users/ryuya/appdata/local/arduino15/packages/arduino/tools/arm-none-eabi-gcc/4.8.3-2014q1/bin/../lib/gcc/arm-none-eabi/4.8.3/armv7-m\libgcc.a(_divdi3.o)
 .ARM.exidx     0x000858a8        0x0 c:/users/ryuya/appdata/local/arduino15/packages/arduino/tools/arm-none-eabi-gcc/4.8.3-2014q1/bin/../lib/gcc/arm-none-eabi/4.8.3/armv7-m\libgcc.a(_udivdi3.o)
                                  0x8 (size before relaxing)
                0x000858a8                PROVIDE (__exidx_end, .)

.eh_frame       0x000858a8        0x0
 .eh_frame      0x000858a8        0x0 c:/users/ryuya/appdata/local/arduino15/packages/arduino/tools/arm-none-eabi-gcc/4.8.3-2014q1/bin/../lib/gcc/arm-none-eabi/4.8.3/armv7-m/crtbegin.o

.rel.dyn        0x000858a8        0x0
 .rel.iplt      0x00000000        0x0 c:/users/ryuya/appdata/local/arduino15/packages/arduino/tools/arm-none-eabi-gcc/4.8.3-2014q1/bin/../lib/gcc/arm-none-eabi/4.8.3/armv7-m/crtbegin.o

.jcr            0x000858a8        0x0
 .jcr           0x000858a8        0x0 c:/users/ryuya/appdata/local/arduino15/packages/arduino/tools/arm-none-eabi-gcc/4.8.3-2014q1/bin/../lib/gcc/arm-none-eabi/4.8.3/armv7-m/crtbegin.o

.igot.plt       0x000858a8        0x0
 .igot.plt      0x00000000        0x0 c:/users/ryuya/appdata/local/arduino15/packages/arduino/tools/arm-none-eabi-gcc/4.8.3-2014q1/bin/../lib/gcc/arm-none-eabi/4.8.3/armv7-m/crtbegin.o
                0x000858a8                . = ALIGN (0x4)
                0x000858a8                _etext = .

.relocate       0x20070000      0x8d4 load address 0x000858a8
                0x20070000                . = ALIGN (0x4)
                0x20070000                _srelocate = .
 *(.ramfunc .ramfunc.*)
 .ramfunc       0x20070000       0x2c C:\Users\ryuya\AppData\Local\Temp\VMicroBuilds\ModuleTest\arduino_due_x_dbg/core.a(Reset.cpp.o)
                0x20070000                banzai
 *(.data .data.*)
 .data.ledState
                0x2007002c        0x1 C:\Users\ryuya\AppData\Local\Temp\VMicroBuilds\ModuleTest\arduino_due_x_dbg\ModuleTest.cpp.o
                0x2007002c                ledState
 *fill*         0x2007002d        0x3 
 .data.SystemCoreClock
                0x20070030        0x4 C:\Users\ryuya\AppData\Local\arduino15\packages\arduino\hardware\sam\1.6.9\variants\arduino_due_x/libsam_sam3x8e_gcc_rel.a(system_sam3xa.o)
                0x20070030                SystemCoreClock
 .data._ZL5ticks
                0x20070034        0x4 C:\Users\ryuya\AppData\Local\Temp\VMicroBuilds\ModuleTest\arduino_due_x_dbg/core.a(Reset.cpp.o)
 .data.EndPoints
                0x20070038       0x28 C:\Users\ryuya\AppData\Local\Temp\VMicroBuilds\ModuleTest\arduino_due_x_dbg/core.a(USBCore.cpp.o)
                0x20070038                EndPoints
 .data._ZL10breakValue
                0x20070060        0x4 C:\Users\ryuya\AppData\Local\Temp\VMicroBuilds\ModuleTest\arduino_due_x_dbg/core.a(CDC.cpp.o)
 .data._ZL12_usbLineInfo
                0x20070064        0x8 C:\Users\ryuya\AppData\Local\Temp\VMicroBuilds\ModuleTest\arduino_due_x_dbg/core.a(CDC.cpp.o)
 .data.g_interrupt_enabled
                0x2007006c        0x4 C:\Users\ryuya\AppData\Local\arduino15\packages\arduino\hardware\sam\1.6.9\variants\arduino_due_x/libsam_sam3x8e_gcc_rel.a(interrupt_sam_nvic.o)
                0x2007006c                g_interrupt_enabled
 .data.impure_data
                0x20070070      0x428 c:/users/ryuya/appdata/local/arduino15/packages/arduino/tools/arm-none-eabi-gcc/4.8.3-2014q1/bin/../lib/gcc/arm-none-eabi/4.8.3/../../../../arm-none-eabi/lib/armv7-m\libg.a(lib_a-impure.o)
 .data._impure_ptr
                0x20070498        0x4 c:/users/ryuya/appdata/local/arduino15/packages/arduino/tools/arm-none-eabi-gcc/4.8.3-2014q1/bin/../lib/gcc/arm-none-eabi/4.8.3/../../../../arm-none-eabi/lib/armv7-m\libg.a(lib_a-impure.o)
                0x20070498                _impure_ptr
 .data.__malloc_av_
                0x2007049c      0x408 c:/users/ryuya/appdata/local/arduino15/packages/arduino/tools/arm-none-eabi-gcc/4.8.3-2014q1/bin/../lib/gcc/arm-none-eabi/4.8.3/../../../../arm-none-eabi/lib/armv7-m\libg.a(lib_a-mallocr.o)
                0x2007049c                __malloc_av_
 .data.__malloc_trim_threshold
                0x200708a4        0x4 c:/users/ryuya/appdata/local/arduino15/packages/arduino/tools/arm-none-eabi-gcc/4.8.3-2014q1/bin/../lib/gcc/arm-none-eabi/4.8.3/../../../../arm-none-eabi/lib/armv7-m\libg.a(lib_a-mallocr.o)
                0x200708a4                __malloc_trim_threshold
 .data.__malloc_sbrk_base
                0x200708a8        0x4 c:/users/ryuya/appdata/local/arduino15/packages/arduino/tools/arm-none-eabi-gcc/4.8.3-2014q1/bin/../lib/gcc/arm-none-eabi/4.8.3/../../../../arm-none-eabi/lib/armv7-m\libg.a(lib_a-mallocr.o)
                0x200708a8                __malloc_sbrk_base
 .data.lc_ctype_charset
                0x200708ac       0x20 c:/users/ryuya/appdata/local/arduino15/packages/arduino/tools/arm-none-eabi-gcc/4.8.3-2014q1/bin/../lib/gcc/arm-none-eabi/4.8.3/../../../../arm-none-eabi/lib/armv7-m\libg.a(lib_a-locale.o)
 .data.__mb_cur_max
                0x200708cc        0x4 c:/users/ryuya/appdata/local/arduino15/packages/arduino/tools/arm-none-eabi-gcc/4.8.3-2014q1/bin/../lib/gcc/arm-none-eabi/4.8.3/../../../../arm-none-eabi/lib/armv7-m\libg.a(lib_a-locale.o)
                0x200708cc                __mb_cur_max
 .data.__wctomb
                0x200708d0        0x4 c:/users/ryuya/appdata/local/arduino15/packages/arduino/tools/arm-none-eabi-gcc/4.8.3-2014q1/bin/../lib/gcc/arm-none-eabi/4.8.3/../../../../arm-none-eabi/lib/armv7-m\libg.a(lib_a-wctomb_r.o)
                0x200708d0                __wctomb
                0x200708d4                . = ALIGN (0x4)
                0x200708d4                _erelocate = .

.bss            0x200708d4      0x840 load address 0x0008617c
                0x200708d4                . = ALIGN (0x4)
                0x200708d4                _sbss = .
                0x200708d4                _szero = .
 *(.bss .bss.*)
 .bss           0x200708d4       0x1c c:/users/ryuya/appdata/local/arduino15/packages/arduino/tools/arm-none-eabi-gcc/4.8.3-2014q1/bin/../lib/gcc/arm-none-eabi/4.8.3/armv7-m/crtbegin.o
 .bss.encoder   0x200708f0        0x4 C:\Users\ryuya\AppData\Local\Temp\VMicroBuilds\ModuleTest\arduino_due_x_dbg\TestPrograms.cpp.o
                0x200708f0                encoder
 .bss.motor     0x200708f4        0x4 C:\Users\ryuya\AppData\Local\Temp\VMicroBuilds\ModuleTest\arduino_due_x_dbg\TestPrograms.cpp.o
                0x200708f4                motor
 .bss.command   0x200708f8        0x1 C:\Users\ryuya\AppData\Local\Temp\VMicroBuilds\ModuleTest\arduino_due_x_dbg\TestPrograms.cpp.o
                0x200708f8                command
 *fill*         0x200708f9        0x3 
 .bss.mp3       0x200708fc        0x4 C:\Users\ryuya\AppData\Local\Temp\VMicroBuilds\ModuleTest\arduino_due_x_dbg\TestPrograms.cpp.o
                0x200708fc                mp3
 .bss.ir        0x20070900        0x4 C:\Users\ryuya\AppData\Local\Temp\VMicroBuilds\ModuleTest\arduino_due_x_dbg\TestPrograms.cpp.o
                0x20070900                ir
 .bss.uss       0x20070904        0x4 C:\Users\ryuya\AppData\Local\Temp\VMicroBuilds\ModuleTest\arduino_due_x_dbg\TestPrograms.cpp.o
                0x20070904                uss
 .bss.tx_buffer2
                0x20070908       0x88 C:\Users\ryuya\AppData\Local\Temp\VMicroBuilds\ModuleTest\arduino_due_x_dbg\variant\variant.cpp.o
                0x20070908                tx_buffer2
 .bss.tx_buffer1
                0x20070990       0x88 C:\Users\ryuya\AppData\Local\Temp\VMicroBuilds\ModuleTest\arduino_due_x_dbg\variant\variant.cpp.o
                0x20070990                tx_buffer1
 .bss.Serial    0x20070a18       0x24 C:\Users\ryuya\AppData\Local\Temp\VMicroBuilds\ModuleTest\arduino_due_x_dbg\variant\variant.cpp.o
                0x20070a18                Serial
 .bss.rx_buffer1
                0x20070a3c       0x88 C:\Users\ryuya\AppData\Local\Temp\VMicroBuilds\ModuleTest\arduino_due_x_dbg\variant\variant.cpp.o
                0x20070a3c                rx_buffer1
 .bss.Serial1   0x20070ac4       0x28 C:\Users\ryuya\AppData\Local\Temp\VMicroBuilds\ModuleTest\arduino_due_x_dbg\variant\variant.cpp.o
                0x20070ac4                Serial1
 .bss.Serial2   0x20070aec       0x28 C:\Users\ryuya\AppData\Local\Temp\VMicroBuilds\ModuleTest\arduino_due_x_dbg\variant\variant.cpp.o
                0x20070aec                Serial2
 .bss.Serial3   0x20070b14       0x28 C:\Users\ryuya\AppData\Local\Temp\VMicroBuilds\ModuleTest\arduino_due_x_dbg\variant\variant.cpp.o
                0x20070b14                Serial3
 .bss.tx_buffer3
                0x20070b3c       0x88 C:\Users\ryuya\AppData\Local\Temp\VMicroBuilds\ModuleTest\arduino_due_x_dbg\variant\variant.cpp.o
                0x20070b3c                tx_buffer3
 .bss.tx_buffer4
                0x20070bc4       0x88 C:\Users\ryuya\AppData\Local\Temp\VMicroBuilds\ModuleTest\arduino_due_x_dbg\variant\variant.cpp.o
                0x20070bc4                tx_buffer4
 .bss.g_pinStatus
                0x20070c4c       0x4f C:\Users\ryuya\AppData\Local\Temp\VMicroBuilds\ModuleTest\arduino_due_x_dbg\variant\variant.cpp.o
                0x20070c4c                g_pinStatus
 *fill*         0x20070c9b        0x1 
 .bss.rx_buffer2
                0x20070c9c       0x88 C:\Users\ryuya\AppData\Local\Temp\VMicroBuilds\ModuleTest\arduino_due_x_dbg\variant\variant.cpp.o
                0x20070c9c                rx_buffer2
 .bss.rx_buffer3
                0x20070d24       0x88 C:\Users\ryuya\AppData\Local\Temp\VMicroBuilds\ModuleTest\arduino_due_x_dbg\variant\variant.cpp.o
                0x20070d24                rx_buffer3
 .bss.rx_buffer4
                0x20070dac       0x88 C:\Users\ryuya\AppData\Local\Temp\VMicroBuilds\ModuleTest\arduino_due_x_dbg\variant\variant.cpp.o
                0x20070dac                rx_buffer4
 .bss.gpf_isr   0x20070e34        0x4 C:\Users\ryuya\AppData\Local\arduino15\packages\arduino\hardware\sam\1.6.9\variants\arduino_due_x/libsam_sam3x8e_gcc_rel.a(uotghs.o)
                0x20070e34                gpf_isr
 .bss.heap.6420
                0x20070e38        0x4 C:\Users\ryuya\AppData\Local\Temp\VMicroBuilds\ModuleTest\arduino_due_x_dbg/core.a(syscalls_sam3.c.o)
 .bss._cmark    0x20070e3c        0x2 C:\Users\ryuya\AppData\Local\Temp\VMicroBuilds\ModuleTest\arduino_due_x_dbg/core.a(USBCore.cpp.o)
                0x20070e3c                _cmark
 .bss._ZL14isEndpointHalt
                0x20070e3e        0x1 C:\Users\ryuya\AppData\Local\Temp\VMicroBuilds\ModuleTest\arduino_due_x_dbg/core.a(USBCore.cpp.o)
 *fill*         0x20070e3f        0x1 
 .bss._cdcComposite
                0x20070e40        0x4 C:\Users\ryuya\AppData\Local\Temp\VMicroBuilds\ModuleTest\arduino_due_x_dbg/core.a(USBCore.cpp.o)
                0x20070e40                _cdcComposite
 .bss._ZL21isRemoteWakeUpEnabled
                0x20070e44        0x1 C:\Users\ryuya\AppData\Local\Temp\VMicroBuilds\ModuleTest\arduino_due_x_dbg/core.a(USBCore.cpp.o)
 *fill*         0x20070e45        0x3 
 .bss._usbInitialized
                0x20070e48        0x4 C:\Users\ryuya\AppData\Local\Temp\VMicroBuilds\ModuleTest\arduino_due_x_dbg/core.a(USBCore.cpp.o)
                0x20070e48                _usbInitialized
 .bss.USBDevice
                0x20070e4c        0x1 C:\Users\ryuya\AppData\Local\Temp\VMicroBuilds\ModuleTest\arduino_due_x_dbg/core.a(USBCore.cpp.o)
                0x20070e4c                USBDevice
 *fill*         0x20070e4d        0x3 
 .bss._usbSetInterface
                0x20070e50        0x4 C:\Users\ryuya\AppData\Local\Temp\VMicroBuilds\ModuleTest\arduino_due_x_dbg/core.a(USBCore.cpp.o)
                0x20070e50                _usbSetInterface
 .bss._cend     0x20070e54        0x2 C:\Users\ryuya\AppData\Local\Temp\VMicroBuilds\ModuleTest\arduino_due_x_dbg/core.a(USBCore.cpp.o)
                0x20070e54                _cend
 *fill*         0x20070e56        0x2 
 .bss._usbConfiguration
                0x20070e58        0x4 C:\Users\ryuya\AppData\Local\Temp\VMicroBuilds\ModuleTest\arduino_due_x_dbg/core.a(USBCore.cpp.o)
                0x20070e58                _usbConfiguration
 .bss.cdc_rx_buffer
                0x20070e5c      0x208 C:\Users\ryuya\AppData\Local\Temp\VMicroBuilds\ModuleTest\arduino_due_x_dbg/core.a(CDC.cpp.o)
                0x20070e5c                cdc_rx_buffer
 .bss._ZZN7Serial_6acceptEvE5guard
                0x20071064        0x4 C:\Users\ryuya\AppData\Local\Temp\VMicroBuilds\ModuleTest\arduino_due_x_dbg/core.a(CDC.cpp.o)
 .bss.SerialUSB
                0x20071068       0x14 C:\Users\ryuya\AppData\Local\Temp\VMicroBuilds\ModuleTest\arduino_due_x_dbg/core.a(CDC.cpp.o)
                0x20071068                SerialUSB
 .bss._ZZ12PluggableUSBvE3obj
                0x2007107c        0x8 C:\Users\ryuya\AppData\Local\Temp\VMicroBuilds\ModuleTest\arduino_due_x_dbg/core.a(PluggableUSB.cpp.o)
 .bss._ZGVZ12PluggableUSBvE3obj
                0x20071084        0x4 C:\Users\ryuya\AppData\Local\Temp\VMicroBuilds\ModuleTest\arduino_due_x_dbg/core.a(PluggableUSB.cpp.o)
 .bss._dwTickCount
                0x20071088        0x4 C:\Users\ryuya\AppData\Local\arduino15\packages\arduino\hardware\sam\1.6.9\variants\arduino_due_x/libsam_sam3x8e_gcc_rel.a(timetick.o)
 .bss.ul_recv_fifo_ptr
                0x2007108c       0x28 C:\Users\ryuya\AppData\Local\arduino15\packages\arduino\hardware\sam\1.6.9\variants\arduino_due_x/libsam_sam3x8e_gcc_rel.a(uotghs_device.o)
 .bss.ul_send_fifo_ptr
                0x200710b4       0x28 C:\Users\ryuya\AppData\Local\arduino15\packages\arduino\hardware\sam\1.6.9\variants\arduino_due_x/libsam_sam3x8e_gcc_rel.a(uotghs_device.o)
 .bss.__malloc_max_total_mem
                0x200710dc        0x4 c:/users/ryuya/appdata/local/arduino15/packages/arduino/tools/arm-none-eabi-gcc/4.8.3-2014q1/bin/../lib/gcc/arm-none-eabi/4.8.3/../../../../arm-none-eabi/lib/armv7-m\libg.a(lib_a-mallocr.o)
                0x200710dc                __malloc_max_total_mem
 .bss.__malloc_max_sbrked_mem
                0x200710e0        0x4 c:/users/ryuya/appdata/local/arduino15/packages/arduino/tools/arm-none-eabi-gcc/4.8.3-2014q1/bin/../lib/gcc/arm-none-eabi/4.8.3/../../../../arm-none-eabi/lib/armv7-m\libg.a(lib_a-mallocr.o)
                0x200710e0                __malloc_max_sbrked_mem
 .bss.__malloc_top_pad
                0x200710e4        0x4 c:/users/ryuya/appdata/local/arduino15/packages/arduino/tools/arm-none-eabi-gcc/4.8.3-2014q1/bin/../lib/gcc/arm-none-eabi/4.8.3/../../../../arm-none-eabi/lib/armv7-m\libg.a(lib_a-mallocr.o)
                0x200710e4                __malloc_top_pad
 .bss.__malloc_current_mallinfo
                0x200710e8       0x28 c:/users/ryuya/appdata/local/arduino15/packages/arduino/tools/arm-none-eabi-gcc/4.8.3-2014q1/bin/../lib/gcc/arm-none-eabi/4.8.3/../../../../arm-none-eabi/lib/armv7-m\libg.a(lib_a-mallocr.o)
                0x200710e8                __malloc_current_mallinfo
 *(COMMON)
 COMMON         0x20071110        0x4 c:/users/ryuya/appdata/local/arduino15/packages/arduino/tools/arm-none-eabi-gcc/4.8.3-2014q1/bin/../lib/gcc/arm-none-eabi/4.8.3/../../../../arm-none-eabi/lib/armv7-m\libg.a(lib_a-reent.o)
                0x20071110                errno
                0x20071114                . = ALIGN (0x4)
                0x20071114                _ebss = .
                0x20071114                _ezero = .
                0x20071114                . = ALIGN (0x4)
                0x20071114                _end = .

.stack_dummy    0x20071114        0x0
 *(.stack*)
                0x20088000                __StackTop = (ORIGIN (ram) + 0x18000)
                0x20088000                __StackLimit = (__StackTop - SIZEOF (.stack_dummy))
                0x20088000                PROVIDE (_sstack, __StackLimit)
                0x20088000                PROVIDE (_estack, __StackTop)
OUTPUT(C:\Users\ryuya\AppData\Local\Temp\VMicroBuilds\ModuleTest\arduino_due_x_dbg/ModuleTest.ino.elf elf32-littlearm)

.ARM.attributes
                0x00000000       0x29
 .ARM.attributes
                0x00000000       0x1d c:/users/ryuya/appdata/local/arduino15/packages/arduino/tools/arm-none-eabi-gcc/4.8.3-2014q1/bin/../lib/gcc/arm-none-eabi/4.8.3/armv7-m/crti.o
 .ARM.attributes
                0x0000001d       0x2d c:/users/ryuya/appdata/local/arduino15/packages/arduino/tools/arm-none-eabi-gcc/4.8.3-2014q1/bin/../lib/gcc/arm-none-eabi/4.8.3/armv7-m/crtbegin.o
 .ARM.attributes
                0x0000004a       0x33 C:\Users\ryuya\AppData\Local\Temp\VMicroBuilds\ModuleTest\arduino_due_x_dbg\ModuleTest.cpp.o
 .ARM.attributes
                0x0000007d       0x33 C:\Users\ryuya\AppData\Local\Temp\VMicroBuilds\ModuleTest\arduino_due_x_dbg\PinAssignment.cpp.o
 .ARM.attributes
                0x000000b0       0x33 C:\Users\ryuya\AppData\Local\Temp\VMicroBuilds\ModuleTest\arduino_due_x_dbg\SerialFunction.cpp.o
 .ARM.attributes
                0x000000e3       0x33 C:\Users\ryuya\AppData\Local\Temp\VMicroBuilds\ModuleTest\arduino_due_x_dbg\TestPrograms.cpp.o
 .ARM.attributes
                0x00000116       0x33 C:\Users\ryuya\AppData\Local\Temp\VMicroBuilds\ModuleTest\arduino_due_x_dbg\variant\variant.cpp.o
 .ARM.attributes
                0x00000149       0x33 C:\Users\ryuya\AppData\Local\arduino15\packages\arduino\hardware\sam\1.6.9\variants\arduino_due_x/libsam_sam3x8e_gcc_rel.a(pio.o)
 .ARM.attributes
                0x0000017c       0x33 C:\Users\ryuya\AppData\Local\arduino15\packages\arduino\hardware\sam\1.6.9\variants\arduino_due_x/libsam_sam3x8e_gcc_rel.a(pmc.o)
 .ARM.attributes
                0x000001af       0x33 C:\Users\ryuya\AppData\Local\arduino15\packages\arduino\hardware\sam\1.6.9\variants\arduino_due_x/libsam_sam3x8e_gcc_rel.a(system_sam3xa.o)
 .ARM.attributes
                0x000001e2       0x33 C:\Users\ryuya\AppData\Local\arduino15\packages\arduino\hardware\sam\1.6.9\variants\arduino_due_x/libsam_sam3x8e_gcc_rel.a(startup_sam3xa.o)
 .ARM.attributes
                0x00000215       0x33 C:\Users\ryuya\AppData\Local\arduino15\packages\arduino\hardware\sam\1.6.9\variants\arduino_due_x/libsam_sam3x8e_gcc_rel.a(adc.o)
 .ARM.attributes
                0x00000248       0x33 C:\Users\ryuya\AppData\Local\arduino15\packages\arduino\hardware\sam\1.6.9\variants\arduino_due_x/libsam_sam3x8e_gcc_rel.a(uotghs.o)
 .ARM.attributes
                0x0000027b       0x33 C:\Users\ryuya\AppData\Local\Temp\VMicroBuilds\ModuleTest\arduino_due_x_dbg/core.a(cortex_handlers.c.o)
 .ARM.attributes
                0x000002ae       0x33 C:\Users\ryuya\AppData\Local\Temp\VMicroBuilds\ModuleTest\arduino_due_x_dbg/core.a(hooks.c.o)
 .ARM.attributes
                0x000002e1       0x33 C:\Users\ryuya\AppData\Local\Temp\VMicroBuilds\ModuleTest\arduino_due_x_dbg/core.a(syscalls_sam3.c.o)
 .ARM.attributes
                0x00000314       0x33 C:\Users\ryuya\AppData\Local\Temp\VMicroBuilds\ModuleTest\arduino_due_x_dbg/core.a(wiring.c.o)
 .ARM.attributes
                0x00000347       0x33 C:\Users\ryuya\AppData\Local\Temp\VMicroBuilds\ModuleTest\arduino_due_x_dbg/core.a(wiring_analog.c.o)
 .ARM.attributes
                0x0000037a       0x33 C:\Users\ryuya\AppData\Local\Temp\VMicroBuilds\ModuleTest\arduino_due_x_dbg/core.a(wiring_digital.c.o)
 .ARM.attributes
                0x000003ad       0x33 C:\Users\ryuya\AppData\Local\Temp\VMicroBuilds\ModuleTest\arduino_due_x_dbg/core.a(main.cpp.o)
 .ARM.attributes
                0x000003e0       0x33 C:\Users\ryuya\AppData\Local\Temp\VMicroBuilds\ModuleTest\arduino_due_x_dbg/core.a(new.cpp.o)
 .ARM.attributes
                0x00000413       0x33 C:\Users\ryuya\AppData\Local\Temp\VMicroBuilds\ModuleTest\arduino_due_x_dbg/core.a(Print.cpp.o)
 .ARM.attributes
                0x00000446       0x33 C:\Users\ryuya\AppData\Local\Temp\VMicroBuilds\ModuleTest\arduino_due_x_dbg/core.a(Reset.cpp.o)
 .ARM.attributes
                0x00000479       0x33 C:\Users\ryuya\AppData\Local\Temp\VMicroBuilds\ModuleTest\arduino_due_x_dbg/core.a(RingBuffer.cpp.o)
 .ARM.attributes
                0x000004ac       0x33 C:\Users\ryuya\AppData\Local\Temp\VMicroBuilds\ModuleTest\arduino_due_x_dbg/core.a(UARTClass.cpp.o)
 .ARM.attributes
                0x000004df       0x33 C:\Users\ryuya\AppData\Local\Temp\VMicroBuilds\ModuleTest\arduino_due_x_dbg/core.a(USARTClass.cpp.o)
 .ARM.attributes
                0x00000512       0x33 C:\Users\ryuya\AppData\Local\Temp\VMicroBuilds\ModuleTest\arduino_due_x_dbg/core.a(watchdog.cpp.o)
 .ARM.attributes
                0x00000545       0x33 C:\Users\ryuya\AppData\Local\Temp\VMicroBuilds\ModuleTest\arduino_due_x_dbg/core.a(USBCore.cpp.o)
 .ARM.attributes
                0x00000578       0x33 C:\Users\ryuya\AppData\Local\Temp\VMicroBuilds\ModuleTest\arduino_due_x_dbg/core.a(CDC.cpp.o)
 .ARM.attributes
                0x000005ab       0x33 C:\Users\ryuya\AppData\Local\Temp\VMicroBuilds\ModuleTest\arduino_due_x_dbg/core.a(PluggableUSB.cpp.o)
 .ARM.attributes
                0x000005de       0x33 C:\Users\ryuya\AppData\Local\arduino15\packages\arduino\hardware\sam\1.6.9\variants\arduino_due_x/libsam_sam3x8e_gcc_rel.a(timetick.o)
 .ARM.attributes
                0x00000611       0x33 C:\Users\ryuya\AppData\Local\arduino15\packages\arduino\hardware\sam\1.6.9\variants\arduino_due_x/libsam_sam3x8e_gcc_rel.a(wdt.o)
 .ARM.attributes
                0x00000644       0x33 C:\Users\ryuya\AppData\Local\arduino15\packages\arduino\hardware\sam\1.6.9\variants\arduino_due_x/libsam_sam3x8e_gcc_rel.a(interrupt_sam_nvic.o)
 .ARM.attributes
                0x00000677       0x33 C:\Users\ryuya\AppData\Local\arduino15\packages\arduino\hardware\sam\1.6.9\variants\arduino_due_x/libsam_sam3x8e_gcc_rel.a(uotghs_device.o)
 .ARM.attributes
                0x000006aa       0x2d c:/users/ryuya/appdata/local/arduino15/packages/arduino/tools/arm-none-eabi-gcc/4.8.3-2014q1/bin/../lib/gcc/arm-none-eabi/4.8.3/../../../../arm-none-eabi/lib/armv7-m\libg.a(lib_a-impure.o)
 .ARM.attributes
                0x000006d7       0x2d c:/users/ryuya/appdata/local/arduino15/packages/arduino/tools/arm-none-eabi-gcc/4.8.3-2014q1/bin/../lib/gcc/arm-none-eabi/4.8.3/../../../../arm-none-eabi/lib/armv7-m\libg.a(lib_a-init.o)
 .ARM.attributes
                0x00000704       0x2d c:/users/ryuya/appdata/local/arduino15/packages/arduino/tools/arm-none-eabi-gcc/4.8.3-2014q1/bin/../lib/gcc/arm-none-eabi/4.8.3/../../../../arm-none-eabi/lib/armv7-m\libg.a(lib_a-iprintf.o)
 .ARM.attributes
                0x00000731       0x2d c:/users/ryuya/appdata/local/arduino15/packages/arduino/tools/arm-none-eabi-gcc/4.8.3-2014q1/bin/../lib/gcc/arm-none-eabi/4.8.3/../../../../arm-none-eabi/lib/armv7-m\libg.a(lib_a-malloc.o)
 .ARM.attributes
                0x0000075e       0x2d c:/users/ryuya/appdata/local/arduino15/packages/arduino/tools/arm-none-eabi-gcc/4.8.3-2014q1/bin/../lib/gcc/arm-none-eabi/4.8.3/../../../../arm-none-eabi/lib/armv7-m\libg.a(lib_a-mallocr.o)
 .ARM.attributes
                0x0000078b       0x2d c:/users/ryuya/appdata/local/arduino15/packages/arduino/tools/arm-none-eabi-gcc/4.8.3-2014q1/bin/../lib/gcc/arm-none-eabi/4.8.3/../../../../arm-none-eabi/lib/armv7-m\libg.a(lib_a-memset.o)
 .ARM.attributes
                0x000007b8       0x2d c:/users/ryuya/appdata/local/arduino15/packages/arduino/tools/arm-none-eabi-gcc/4.8.3-2014q1/bin/../lib/gcc/arm-none-eabi/4.8.3/../../../../arm-none-eabi/lib/armv7-m\libg.a(lib_a-mlock.o)
 .ARM.attributes
                0x000007e5       0x2d c:/users/ryuya/appdata/local/arduino15/packages/arduino/tools/arm-none-eabi-gcc/4.8.3-2014q1/bin/../lib/gcc/arm-none-eabi/4.8.3/../../../../arm-none-eabi/lib/armv7-m\libg.a(lib_a-sbrkr.o)
 .ARM.attributes
                0x00000812       0x2d c:/users/ryuya/appdata/local/arduino15/packages/arduino/tools/arm-none-eabi-gcc/4.8.3-2014q1/bin/../lib/gcc/arm-none-eabi/4.8.3/../../../../arm-none-eabi/lib/armv7-m\libg.a(lib_a-strlen.o)
 .ARM.attributes
                0x0000083f       0x2d c:/users/ryuya/appdata/local/arduino15/packages/arduino/tools/arm-none-eabi-gcc/4.8.3-2014q1/bin/../lib/gcc/arm-none-eabi/4.8.3/../../../../arm-none-eabi/lib/armv7-m\libg.a(lib_a-syskill.o)
 .ARM.attributes
                0x0000086c       0x2d c:/users/ryuya/appdata/local/arduino15/packages/arduino/tools/arm-none-eabi-gcc/4.8.3-2014q1/bin/../lib/gcc/arm-none-eabi/4.8.3/../../../../arm-none-eabi/lib/armv7-m\libg.a(lib_a-vfiprintf.o)
 .ARM.attributes
                0x00000899       0x2d c:/users/ryuya/appdata/local/arduino15/packages/arduino/tools/arm-none-eabi-gcc/4.8.3-2014q1/bin/../lib/gcc/arm-none-eabi/4.8.3/../../../../arm-none-eabi/lib/armv7-m\libg.a(lib_a-wsetup.o)
 .ARM.attributes
                0x000008c6       0x2d c:/users/ryuya/appdata/local/arduino15/packages/arduino/tools/arm-none-eabi-gcc/4.8.3-2014q1/bin/../lib/gcc/arm-none-eabi/4.8.3/../../../../arm-none-eabi/lib/armv7-m\libg.a(lib_a-__call_atexit.o)
 .ARM.attributes
                0x000008f3       0x2d c:/users/ryuya/appdata/local/arduino15/packages/arduino/tools/arm-none-eabi-gcc/4.8.3-2014q1/bin/../lib/gcc/arm-none-eabi/4.8.3/../../../../arm-none-eabi/lib/armv7-m\libg.a(lib_a-atexit.o)
 .ARM.attributes
                0x00000920       0x2d c:/users/ryuya/appdata/local/arduino15/packages/arduino/tools/arm-none-eabi-gcc/4.8.3-2014q1/bin/../lib/gcc/arm-none-eabi/4.8.3/../../../../arm-none-eabi/lib/armv7-m\libg.a(lib_a-fflush.o)
 .ARM.attributes
                0x0000094d       0x2d c:/users/ryuya/appdata/local/arduino15/packages/arduino/tools/arm-none-eabi-gcc/4.8.3-2014q1/bin/../lib/gcc/arm-none-eabi/4.8.3/../../../../arm-none-eabi/lib/armv7-m\libg.a(lib_a-findfp.o)
 .ARM.attributes
                0x0000097a       0x2d c:/users/ryuya/appdata/local/arduino15/packages/arduino/tools/arm-none-eabi-gcc/4.8.3-2014q1/bin/../lib/gcc/arm-none-eabi/4.8.3/../../../../arm-none-eabi/lib/armv7-m\libg.a(lib_a-fini.o)
 .ARM.attributes
                0x000009a7       0x2d c:/users/ryuya/appdata/local/arduino15/packages/arduino/tools/arm-none-eabi-gcc/4.8.3-2014q1/bin/../lib/gcc/arm-none-eabi/4.8.3/../../../../arm-none-eabi/lib/armv7-m\libg.a(lib_a-fputwc.o)
 .ARM.attributes
                0x000009d4       0x2d c:/users/ryuya/appdata/local/arduino15/packages/arduino/tools/arm-none-eabi-gcc/4.8.3-2014q1/bin/../lib/gcc/arm-none-eabi/4.8.3/../../../../arm-none-eabi/lib/armv7-m\libg.a(lib_a-freer.o)
 .ARM.attributes
                0x00000a01       0x2d c:/users/ryuya/appdata/local/arduino15/packages/arduino/tools/arm-none-eabi-gcc/4.8.3-2014q1/bin/../lib/gcc/arm-none-eabi/4.8.3/../../../../arm-none-eabi/lib/armv7-m\libg.a(lib_a-fvwrite.o)
 .ARM.attributes
                0x00000a2e       0x2d c:/users/ryuya/appdata/local/arduino15/packages/arduino/tools/arm-none-eabi-gcc/4.8.3-2014q1/bin/../lib/gcc/arm-none-eabi/4.8.3/../../../../arm-none-eabi/lib/armv7-m\libg.a(lib_a-fwalk.o)
 .ARM.attributes
                0x00000a5b       0x2d c:/users/ryuya/appdata/local/arduino15/packages/arduino/tools/arm-none-eabi-gcc/4.8.3-2014q1/bin/../lib/gcc/arm-none-eabi/4.8.3/../../../../arm-none-eabi/lib/armv7-m\libg.a(lib_a-locale.o)
 .ARM.attributes
                0x00000a88       0x2d c:/users/ryuya/appdata/local/arduino15/packages/arduino/tools/arm-none-eabi-gcc/4.8.3-2014q1/bin/../lib/gcc/arm-none-eabi/4.8.3/../../../../arm-none-eabi/lib/armv7-m\libg.a(lib_a-makebuf.o)
 .ARM.attributes
                0x00000ab5       0x2d c:/users/ryuya/appdata/local/arduino15/packages/arduino/tools/arm-none-eabi-gcc/4.8.3-2014q1/bin/../lib/gcc/arm-none-eabi/4.8.3/../../../../arm-none-eabi/lib/armv7-m\libg.a(lib_a-memchr-stub.o)
 .ARM.attributes